[HOUR 0001] [WAREHOUSE-0] QUEUE length=0 trucks=[]
[HOUR 0001] [WAREHOUSE-0] DOCK_BUSY dock=0 FREE dock=1 FREE dock=2 FREE
[HOUR 0001] [WAREHOUSE-1] QUEUE length=0 trucks=[]
[HOUR 0001] [WAREHOUSE-1] DOCK_BUSY dock=0 FREE dock=1 FREE dock=2 FREE
[HOUR 0001] [WAREHOUSE-2] QUEUE length=0 trucks=[]
[HOUR 0001] [WAREHOUSE-2] DOCK_BUSY dock=0 FREE
[HOUR 0001] [WAREHOUSE-3] QUEUE length=0 trucks=[]
[HOUR 0001] [WAREHOUSE-3] DOCK_BUSY dock=0 FREE dock=1 FREE
[HOUR 0001] [WAREHOUSE-4] QUEUE length=0 trucks=[]
[HOUR 0001] [WAREHOUSE-4] DOCK_BUSY dock=0 FREE dock=1 FREE
[HOUR 0001] [TRUCK-0] MOVING pos=(79.80,15.10) dest=(68.30,30.90) dist=19.54
[HOUR 0001] [TRUCK-1] MOVING pos=(21.00,82.60) dest=(68.30,30.90) dist=70.07
[HOUR 0001] [TRUCK-2] MOVING pos=(15.90,27.40) dest=(36.90,27.60) dist=21.00
[HOUR 0002] [WAREHOUSE-0] QUEUE length=0 trucks=[]
[HOUR 0002] [WAREHOUSE-0] DOCK_BUSY dock=0 FREE dock=1 FREE dock=2 FREE
[HOUR 0002] [WAREHOUSE-1] QUEUE length=0 trucks=[]
[HOUR 0002] [WAREHOUSE-1] DOCK_BUSY dock=0 FREE dock=1 FREE dock=2 FREE
[HOUR 0002] [WAREHOUSE-2] QUEUE length=0 trucks=[]
[HOUR 0002] [WAREHOUSE-2] DOCK_BUSY dock=0 FREE
[HOUR 0002] [WAREHOUSE-3] QUEUE length=0 trucks=[]
[HOUR 0002] [WAREHOUSE-3] DOCK_BUSY dock=0 FREE dock=1 FREE
[HOUR 0002] [WAREHOUSE-4] QUEUE length=0 trucks=[]
[HOUR 0002] [WAREHOUSE-4] DOCK_BUSY dock=0 FREE dock=1 FREE
[HOUR 0002] [TRUCK-0] MOVING pos=(78.03,17.53) dest=(68.30,30.90) dist=16.54
[HOUR 0002] [TRUCK-1] MOVING pos=(23.70,79.65) dest=(68.30,30.90) dist=66.07
[HOUR 0002] [TRUCK-2] MOVING pos=(17.90,27.42) dest=(36.90,27.60) dist=19.00
[HOUR 0003] [WAREHOUSE-0] QUEUE length=0 trucks=[]
[HOUR 0003] [WAREHOUSE-0] DOCK_BUSY dock=0 FREE dock=1 FREE dock=2 FREE
[HOUR 0003] [WAREHOUSE-1] QUEUE length=0 trucks=[]
[HOUR 0003] [WAREHOUSE-1] DOCK_BUSY dock=0 FREE dock=1 FREE dock=2 FREE
[HOUR 0003] [WAREHOUSE-2] QUEUE length=0 trucks=[]
[HOUR 0003] [WAREHOUSE-2] DOCK_BUSY dock=0 FREE
[HOUR 0003] [WAREHOUSE-3] QUEUE length=0 trucks=[]
[HOUR 0003] [WAREHOUSE-3] DOCK_BUSY dock=0 FREE dock=1 FREE
[HOUR 0003] [WAREHOUSE-4] QUEUE length=0 trucks=[]
[HOUR 0003] [WAREHOUSE-4] DOCK_BUSY dock=0 FREE dock=1 FREE
[HOUR 0003] [TRUCK-0] MOVING pos=(76.27,19.95) dest=(68.30,30.90) dist=13.54
[HOUR 0003] [TRUCK-1] MOVING pos=(26.40,76.70) dest=(68.30,30.90) dist=62.07
[HOUR 0003] [TRUCK-2] MOVING pos=(19.90,27.44) dest=(36.90,27.60) dist=17.00
[HOUR 0004] [WAREHOUSE-0] QUEUE length=0 trucks=[]
[HOUR 0004] [WAREHOUSE-0] DOCK_BUSY dock=0 FREE dock=1 FREE dock=2 FREE
[HOUR 0004] [WAREHOUSE-1] QUEUE length=0 trucks=[]
[HOUR 0004] [WAREHOUSE-1] DOCK_BUSY dock=0 FREE dock=1 FREE dock=2 FREE
[HOUR 0004] [WAREHOUSE-2] QUEUE length=0 trucks=[]
[HOUR 0004] [WAREHOUSE-2] DOCK_BUSY dock=0 FREE
[HOUR 0004] [WAREHOUSE-3] QUEUE length=0 trucks=[]
[HOUR 0004] [WAREHOUSE-3] DOCK_BUSY dock=0 FREE dock=1 FREE
[HOUR 0004] [WAREHOUSE-4] QUEUE length=0 trucks=[]
[HOUR 0004] [WAREHOUSE-4] DOCK_BUSY dock=0 FREE dock=1 FREE
[HOUR 0004] [TRUCK-0] MOVING pos=(74.50,22.38) dest=(68.30,30.90) dist=10.54
[HOUR 0004] [TRUCK-1] MOVING pos=(29.10,73.75) dest=(68.30,30.90) dist=58.07
[HOUR 0004] [TRUCK-2] MOVING pos=(21.90,27.46) dest=(36.90,27.60) dist=15.00
[HOUR 0005] [WAREHOUSE-0] QUEUE length=0 trucks=[]
[HOUR 0005] [WAREHOUSE-0] DOCK_BUSY dock=0 FREE dock=1 FREE dock=2 FREE
[HOUR 0005] [WAREHOUSE-1] QUEUE length=0 trucks=[]
[HOUR 0005] [WAREHOUSE-1] DOCK_BUSY dock=0 FREE dock=1 FREE dock=2 FREE
[HOUR 0005] [WAREHOUSE-2] QUEUE length=0 trucks=[]
[HOUR 0005] [WAREHOUSE-2] DOCK_BUSY dock=0 FREE
[HOUR 0005] [WAREHOUSE-3] QUEUE length=0 trucks=[]
[HOUR 0005] [WAREHOUSE-3] DOCK_BUSY dock=0 FREE dock=1 FREE
[HOUR 0005] [WAREHOUSE-4] QUEUE length=0 trucks=[]
[HOUR 0005] [WAREHOUSE-4] DOCK_BUSY dock=0 FREE dock=1 FREE
[HOUR 0005] [TRUCK-0] MOVING pos=(72.74,24.80) dest=(68.30,30.90) dist=7.54
[HOUR 0005] [TRUCK-1] MOVING pos=(31.80,70.80) dest=(68.30,30.90) dist=54.07
[HOUR 0005] [TRUCK-2] MOVING pos=(23.90,27.48) dest=(36.90,27.60) dist=13.00
[HOUR 0006] [WAREHOUSE-0] QUEUE length=0 trucks=[]
[HOUR 0006] [WAREHOUSE-0] DOCK_BUSY dock=0 FREE dock=1 FREE dock=2 FREE
[HOUR 0006] [WAREHOUSE-1] QUEUE length=0 trucks=[]
[HOUR 0006] [WAREHOUSE-1] DOCK_BUSY dock=0 FREE dock=1 FREE dock=2 FREE
[HOUR 0006] [WAREHOUSE-2] QUEUE length=0 trucks=[]
[HOUR 0006] [WAREHOUSE-2] DOCK_BUSY dock=0 FREE
[HOUR 0006] [WAREHOUSE-3] QUEUE length=0 trucks=[]
[HOUR 0006] [WAREHOUSE-3] DOCK_BUSY dock=0 FREE dock=1 FREE
[HOUR 0006] [WAREHOUSE-4] QUEUE length=0 trucks=[]
[HOUR 0006] [WAREHOUSE-4] DOCK_BUSY dock=0 FREE dock=1 FREE
[HOUR 0006] [TRUCK-0] MOVING pos=(70.97,27.23) dest=(68.30,30.90) dist=4.54
[HOUR 0006] [TRUCK-1] MOVING pos=(34.50,67.84) dest=(68.30,30.90) dist=50.07
[HOUR 0006] [TRUCK-2] MOVING pos=(25.90,27.50) dest=(36.90,27.60) dist=11.00
[HOUR 0007] [WAREHOUSE-0] QUEUE length=0 trucks=[]
[HOUR 0007] [WAREHOUSE-0] DOCK_BUSY dock=0 FREE dock=1 FREE dock=2 FREE
[HOUR 0007] [WAREHOUSE-1] QUEUE length=0 trucks=[]
[HOUR 0007] [WAREHOUSE-1] DOCK_BUSY dock=0 FREE dock=1 FREE dock=2 FREE
[HOUR 0007] [WAREHOUSE-2] QUEUE length=0 trucks=[]
[HOUR 0007] [WAREHOUSE-2] DOCK_BUSY dock=0 FREE
[HOUR 0007] [WAREHOUSE-3] QUEUE length=0 trucks=[]
[HOUR 0007] [WAREHOUSE-3] DOCK_BUSY dock=0 FREE dock=1 FREE
[HOUR 0007] [WAREHOUSE-4] QUEUE length=0 trucks=[]
[HOUR 0007] [WAREHOUSE-4] DOCK_BUSY dock=0 FREE dock=1 FREE
[HOUR 0007] [TRUCK-0] MOVING pos=(69.21,29.65) dest=(68.30,30.90) dist=1.54
[HOUR 0007] [TRUCK-1] MOVING pos=(37.20,64.89) dest=(68.30,30.90) dist=46.07
[HOUR 0007] [TRUCK-2] MOVING pos=(27.90,27.51) dest=(36.90,27.60) dist=9.00
[HOUR 0008] [WAREHOUSE-0] QUEUE length=0 trucks=[]
[HOUR 0008] [WAREHOUSE-0] DOCK_BUSY dock=0 FREE dock=1 FREE dock=2 FREE
[HOUR 0008] [WAREHOUSE-1] QUEUE length=0 trucks=[]
[HOUR 0008] [WAREHOUSE-1] DOCK_BUSY dock=0 FREE dock=1 FREE dock=2 FREE
[HOUR 0008] [WAREHOUSE-2] QUEUE length=0 trucks=[]
[HOUR 0008] [WAREHOUSE-2] DOCK_BUSY dock=0 FREE
[HOUR 0008] [WAREHOUSE-3] QUEUE length=0 trucks=[]
[HOUR 0008] [WAREHOUSE-3] DOCK_BUSY dock=0 FREE dock=1 FREE
[HOUR 0008] [WAREHOUSE-4] QUEUE length=0 trucks=[]
[HOUR 0008] [WAREHOUSE-4] DOCK_BUSY dock=0 FREE dock=1 FREE
[HOUR 0008] [TRUCK-0] WAITING pos=(68.30,30.90)
[HOUR 0008] [TRUCK-1] MOVING pos=(39.90,61.94) dest=(68.30,30.90) dist=42.07
[HOUR 0008] [TRUCK-2] MOVING pos=(29.90,27.53) dest=(36.90,27.60) dist=7.00
[HOUR 0009] [WAREHOUSE-0] QUEUE length=0 trucks=[]
[HOUR 0009] [WAREHOUSE-0] DOCK_BUSY dock=0 truck=0 dock=1 FREE dock=2 FREE
[HOUR 0009] [WAREHOUSE-1] QUEUE length=0 trucks=[]
[HOUR 0009] [WAREHOUSE-1] DOCK_BUSY dock=0 FREE dock=1 FREE dock=2 FREE
[HOUR 0009] [WAREHOUSE-2] QUEUE length=0 trucks=[]
[HOUR 0009] [WAREHOUSE-2] DOCK_BUSY dock=0 FREE
[HOUR 0009] [WAREHOUSE-3] QUEUE length=0 trucks=[]
[HOUR 0009] [WAREHOUSE-3] DOCK_BUSY dock=0 FREE dock=1 FREE
[HOUR 0009] [WAREHOUSE-4] QUEUE length=0 trucks=[]
[HOUR 0009] [WAREHOUSE-4] DOCK_BUSY dock=0 FREE dock=1 FREE
[HOUR 0009] [TRUCK-0] LOADING dock=0 shipment=1 size=1 cargo=1/3
[HOUR 0009] [SHIPMENT-1] IN_TRANSIT truck=0 src=0 dst=2 size=1
[HOUR 0009] [TRUCK-0] LOADING cargo=1/3
[HOUR 0009] [TRUCK-1] MOVING pos=(42.60,58.99) dest=(68.30,30.90) dist=38.07
[HOUR 0009] [TRUCK-2] MOVING pos=(31.90,27.55) dest=(36.90,27.60) dist=5.00
[HOUR 0010] [WAREHOUSE-0] QUEUE length=0 trucks=[]
[HOUR 0010] [WAREHOUSE-0] DOCK_BUSY dock=0 truck=0 dock=1 FREE dock=2 FREE
[HOUR 0010] [WAREHOUSE-1] QUEUE length=0 trucks=[]
[HOUR 0010] [WAREHOUSE-1] DOCK_BUSY dock=0 FREE dock=1 FREE dock=2 FREE
[HOUR 0010] [WAREHOUSE-2] QUEUE length=0 trucks=[]
[HOUR 0010] [WAREHOUSE-2] DOCK_BUSY dock=0 FREE
[HOUR 0010] [WAREHOUSE-3] QUEUE length=0 trucks=[]
[HOUR 0010] [WAREHOUSE-3] DOCK_BUSY dock=0 FREE dock=1 FREE
[HOUR 0010] [WAREHOUSE-4] QUEUE length=0 trucks=[]
[HOUR 0010] [WAREHOUSE-4] DOCK_BUSY dock=0 FREE dock=1 FREE
[HOUR 0010] [TRUCK-0] LOADING dock=0 shipment=0 size=2 cargo=3/3
[HOUR 0010] [SHIPMENT-0] IN_TRANSIT truck=0 src=0 dst=4 size=2
[HOUR 0010] [TRUCK-0] MOVING pos=(68.30,30.90) dest=(43.60,75.00) dist=50.55
[HOUR 0010] [TRUCK-1] MOVING pos=(45.30,56.04) dest=(68.30,30.90) dist=34.07
[HOUR 0010] [TRUCK-2] MOVING pos=(33.90,27.57) dest=(36.90,27.60) dist=3.00
[HOUR 0011] [WAREHOUSE-0] QUEUE length=0 trucks=[]
[HOUR 0011] [WAREHOUSE-0] DOCK_BUSY dock=0 FREE dock=1 FREE dock=2 FREE
[HOUR 0011] [WAREHOUSE-1] QUEUE length=0 trucks=[]
[HOUR 0011] [WAREHOUSE-1] DOCK_BUSY dock=0 FREE dock=1 FREE dock=2 FREE
[HOUR 0011] [WAREHOUSE-2] QUEUE length=0 trucks=[]
[HOUR 0011] [WAREHOUSE-2] DOCK_BUSY dock=0 FREE
[HOUR 0011] [WAREHOUSE-3] QUEUE length=0 trucks=[]
[HOUR 0011] [WAREHOUSE-3] DOCK_BUSY dock=0 FREE dock=1 FREE
[HOUR 0011] [WAREHOUSE-4] QUEUE length=0 trucks=[]
[HOUR 0011] [WAREHOUSE-4] DOCK_BUSY dock=0 FREE dock=1 FREE
[HOUR 0011] [TRUCK-0] MOVING pos=(66.83,33.52) dest=(43.60,75.00) dist=47.55
[HOUR 0011] [TRUCK-1] MOVING pos=(48.00,53.09) dest=(68.30,30.90) dist=30.07
[HOUR 0011] [TRUCK-2] MOVING pos=(35.90,27.59) dest=(36.90,27.60) dist=1.00
[HOUR 0012] [WAREHOUSE-0] QUEUE length=0 trucks=[]
[HOUR 0012] [WAREHOUSE-0] DOCK_BUSY dock=0 FREE dock=1 FREE dock=2 FREE
[HOUR 0012] [WAREHOUSE-1] QUEUE length=0 trucks=[]
[HOUR 0012] [WAREHOUSE-1] DOCK_BUSY dock=0 FREE dock=1 FREE dock=2 FREE
[HOUR 0012] [WAREHOUSE-2] QUEUE length=0 trucks=[]
[HOUR 0012] [WAREHOUSE-2] DOCK_BUSY dock=0 FREE
[HOUR 0012] [WAREHOUSE-3] QUEUE length=0 trucks=[]
[HOUR 0012] [WAREHOUSE-3] DOCK_BUSY dock=0 FREE dock=1 FREE
[HOUR 0012] [WAREHOUSE-4] QUEUE length=0 trucks=[]
[HOUR 0012] [WAREHOUSE-4] DOCK_BUSY dock=0 FREE dock=1 FREE
[HOUR 0012] [TRUCK-0] MOVING pos=(65.37,36.13) dest=(43.60,75.00) dist=44.55
[HOUR 0012] [TRUCK-1] MOVING pos=(50.70,50.14) dest=(68.30,30.90) dist=26.07
[HOUR 0012] [TRUCK-2] WAITING pos=(36.90,27.60)
[HOUR 0013] [WAREHOUSE-0] QUEUE length=0 trucks=[]
[HOUR 0013] [WAREHOUSE-0] DOCK_BUSY dock=0 FREE dock=1 FREE dock=2 FREE
[HOUR 0013] [WAREHOUSE-1] QUEUE length=0 trucks=[]
[HOUR 0013] [WAREHOUSE-1] DOCK_BUSY dock=0 FREE dock=1 FREE dock=2 FREE
[HOUR 0013] [WAREHOUSE-2] QUEUE length=0 trucks=[]
[HOUR 0013] [WAREHOUSE-2] DOCK_BUSY dock=0 truck=2
[HOUR 0013] [WAREHOUSE-3] QUEUE length=0 trucks=[]
[HOUR 0013] [WAREHOUSE-3] DOCK_BUSY dock=0 FREE dock=1 FREE
[HOUR 0013] [WAREHOUSE-4] QUEUE length=0 trucks=[]
[HOUR 0013] [WAREHOUSE-4] DOCK_BUSY dock=0 FREE dock=1 FREE
[HOUR 0013] [TRUCK-0] MOVING pos=(63.90,38.75) dest=(43.60,75.00) dist=41.55
[HOUR 0013] [TRUCK-1] MOVING pos=(53.40,47.19) dest=(68.30,30.90) dist=22.07
[HOUR 0013] [TRUCK-2] LOADING dock=0 shipment=5 size=3 cargo=3/4
[HOUR 0013] [SHIPMENT-5] IN_TRANSIT truck=2 src=2 dst=1 size=3
[HOUR 0013] [TRUCK-2] MOVING pos=(36.90,27.60) dest=(70.80,9.10) dist=38.62
[HOUR 0014] [WAREHOUSE-0] QUEUE length=0 trucks=[]
[HOUR 0014] [WAREHOUSE-0] DOCK_BUSY dock=0 FREE dock=1 FREE dock=2 FREE
[HOUR 0014] [WAREHOUSE-1] QUEUE length=0 trucks=[]
[HOUR 0014] [WAREHOUSE-1] DOCK_BUSY dock=0 FREE dock=1 FREE dock=2 FREE
[HOUR 0014] [WAREHOUSE-2] QUEUE length=0 trucks=[]
[HOUR 0014] [WAREHOUSE-2] DOCK_BUSY dock=0 FREE
[HOUR 0014] [WAREHOUSE-3] QUEUE length=0 trucks=[]
[HOUR 0014] [WAREHOUSE-3] DOCK_BUSY dock=0 FREE dock=1 FREE
[HOUR 0014] [WAREHOUSE-4] QUEUE length=0 trucks=[]
[HOUR 0014] [WAREHOUSE-4] DOCK_BUSY dock=0 FREE dock=1 FREE
[HOUR 0014] [TRUCK-0] MOVING pos=(62.44,41.37) dest=(43.60,75.00) dist=38.55
[HOUR 0014] [TRUCK-1] MOVING pos=(56.10,44.23) dest=(68.30,30.90) dist=18.07
[HOUR 0014] [TRUCK-2] MOVING pos=(38.66,26.64) dest=(70.80,9.10) dist=36.62
[HOUR 0015] [WAREHOUSE-0] QUEUE length=0 trucks=[]
[HOUR 0015] [WAREHOUSE-0] DOCK_BUSY dock=0 FREE dock=1 FREE dock=2 FREE
[HOUR 0015] [WAREHOUSE-1] QUEUE length=0 trucks=[]
[HOUR 0015] [WAREHOUSE-1] DOCK_BUSY dock=0 FREE dock=1 FREE dock=2 FREE
[HOUR 0015] [WAREHOUSE-2] QUEUE length=0 trucks=[]
[HOUR 0015] [WAREHOUSE-2] DOCK_BUSY dock=0 FREE
[HOUR 0015] [WAREHOUSE-3] QUEUE length=0 trucks=[]
[HOUR 0015] [WAREHOUSE-3] DOCK_BUSY dock=0 FREE dock=1 FREE
[HOUR 0015] [WAREHOUSE-4] QUEUE length=0 trucks=[]
[HOUR 0015] [WAREHOUSE-4] DOCK_BUSY dock=0 FREE dock=1 FREE
[HOUR 0015] [TRUCK-0] MOVING pos=(60.97,43.99) dest=(43.60,75.00) dist=35.55
[HOUR 0015] [TRUCK-1] MOVING pos=(58.80,41.28) dest=(68.30,30.90) dist=14.07
[HOUR 0015] [TRUCK-2] MOVING pos=(40.41,25.68) dest=(70.80,9.10) dist=34.62
[HOUR 0016] [WAREHOUSE-0] QUEUE length=0 trucks=[]
[HOUR 0016] [WAREHOUSE-0] DOCK_BUSY dock=0 FREE dock=1 FREE dock=2 FREE
[HOUR 0016] [WAREHOUSE-1] QUEUE length=0 trucks=[]
[HOUR 0016] [WAREHOUSE-1] DOCK_BUSY dock=0 FREE dock=1 FREE dock=2 FREE
[HOUR 0016] [WAREHOUSE-2] QUEUE length=0 trucks=[]
[HOUR 0016] [WAREHOUSE-2] DOCK_BUSY dock=0 FREE
[HOUR 0016] [WAREHOUSE-3] QUEUE length=0 trucks=[]
[HOUR 0016] [WAREHOUSE-3] DOCK_BUSY dock=0 FREE dock=1 FREE
[HOUR 0016] [WAREHOUSE-4] QUEUE length=0 trucks=[]
[HOUR 0016] [WAREHOUSE-4] DOCK_BUSY dock=0 FREE dock=1 FREE
[HOUR 0016] [TRUCK-0] MOVING pos=(59.50,46.60) dest=(43.60,75.00) dist=32.55
[HOUR 0016] [TRUCK-1] MOVING pos=(61.50,38.33) dest=(68.30,30.90) dist=10.07
[HOUR 0016] [TRUCK-2] MOVING pos=(42.17,24.73) dest=(70.80,9.10) dist=32.62
[HOUR 0017] [WAREHOUSE-0] QUEUE length=0 trucks=[]
[HOUR 0017] [WAREHOUSE-0] DOCK_BUSY dock=0 FREE dock=1 FREE dock=2 FREE
[HOUR 0017] [WAREHOUSE-1] QUEUE length=0 trucks=[]
[HOUR 0017] [WAREHOUSE-1] DOCK_BUSY dock=0 FREE dock=1 FREE dock=2 FREE
[HOUR 0017] [WAREHOUSE-2] QUEUE length=0 trucks=[]
[HOUR 0017] [WAREHOUSE-2] DOCK_BUSY dock=0 FREE
[HOUR 0017] [WAREHOUSE-3] QUEUE length=0 trucks=[]
[HOUR 0017] [WAREHOUSE-3] DOCK_BUSY dock=0 FREE dock=1 FREE
[HOUR 0017] [WAREHOUSE-4] QUEUE length=0 trucks=[]
[HOUR 0017] [WAREHOUSE-4] DOCK_BUSY dock=0 FREE dock=1 FREE
[HOUR 0017] [TRUCK-0] MOVING pos=(58.04,49.22) dest=(43.60,75.00) dist=29.55
[HOUR 0017] [TRUCK-1] MOVING pos=(64.20,35.38) dest=(68.30,30.90) dist=6.07
[HOUR 0017] [TRUCK-2] MOVING pos=(43.92,23.77) dest=(70.80,9.10) dist=30.62
[HOUR 0018] [WAREHOUSE-0] QUEUE length=0 trucks=[]
[HOUR 0018] [WAREHOUSE-0] DOCK_BUSY dock=0 FREE dock=1 FREE dock=2 FREE
[HOUR 0018] [WAREHOUSE-1] QUEUE length=0 trucks=[]
[HOUR 0018] [WAREHOUSE-1] DOCK_BUSY dock=0 FREE dock=1 FREE dock=2 FREE
[HOUR 0018] [WAREHOUSE-2] QUEUE length=0 trucks=[]
[HOUR 0018] [WAREHOUSE-2] DOCK_BUSY dock=0 FREE
[HOUR 0018] [WAREHOUSE-3] QUEUE length=0 trucks=[]
[HOUR 0018] [WAREHOUSE-3] DOCK_BUSY dock=0 FREE dock=1 FREE
[HOUR 0018] [WAREHOUSE-4] QUEUE length=0 trucks=[]
[HOUR 0018] [WAREHOUSE-4] DOCK_BUSY dock=0 FREE dock=1 FREE
[HOUR 0018] [TRUCK-0] MOVING pos=(56.57,51.84) dest=(43.60,75.00) dist=26.55
[HOUR 0018] [TRUCK-1] MOVING pos=(66.90,32.43) dest=(68.30,30.90) dist=2.07
[HOUR 0018] [TRUCK-2] MOVING pos=(45.68,22.81) dest=(70.80,9.10) dist=28.62
[HOUR 0019] [WAREHOUSE-0] QUEUE length=0 trucks=[]
[HOUR 0019] [WAREHOUSE-0] DOCK_BUSY dock=0 FREE dock=1 FREE dock=2 FREE
[HOUR 0019] [WAREHOUSE-1] QUEUE length=0 trucks=[]
[HOUR 0019] [WAREHOUSE-1] DOCK_BUSY dock=0 FREE dock=1 FREE dock=2 FREE
[HOUR 0019] [WAREHOUSE-2] QUEUE length=0 trucks=[]
[HOUR 0019] [WAREHOUSE-2] DOCK_BUSY dock=0 FREE
[HOUR 0019] [WAREHOUSE-3] QUEUE length=0 trucks=[]
[HOUR 0019] [WAREHOUSE-3] DOCK_BUSY dock=0 FREE dock=1 FREE
[HOUR 0019] [WAREHOUSE-4] QUEUE length=0 trucks=[]
[HOUR 0019] [WAREHOUSE-4] DOCK_BUSY dock=0 FREE dock=1 FREE
[HOUR 0019] [TRUCK-0] MOVING pos=(55.11,54.46) dest=(43.60,75.00) dist=23.55
[HOUR 0019] [TRUCK-1] WAITING pos=(68.30,30.90)
[HOUR 0019] [TRUCK-2] MOVING pos=(47.43,21.85) dest=(70.80,9.10) dist=26.62
[HOUR 0020] [WAREHOUSE-0] QUEUE length=0 trucks=[]
[HOUR 0020] [WAREHOUSE-0] DOCK_BUSY dock=0 truck=1 dock=1 FREE dock=2 FREE
[HOUR 0020] [WAREHOUSE-1] QUEUE length=0 trucks=[]
[HOUR 0020] [WAREHOUSE-1] DOCK_BUSY dock=0 FREE dock=1 FREE dock=2 FREE
[HOUR 0020] [WAREHOUSE-2] QUEUE length=0 trucks=[]
[HOUR 0020] [WAREHOUSE-2] DOCK_BUSY dock=0 FREE
[HOUR 0020] [WAREHOUSE-3] QUEUE length=0 trucks=[]
[HOUR 0020] [WAREHOUSE-3] DOCK_BUSY dock=0 FREE dock=1 FREE
[HOUR 0020] [WAREHOUSE-4] QUEUE length=0 trucks=[]
[HOUR 0020] [WAREHOUSE-4] DOCK_BUSY dock=0 FREE dock=1 FREE
[HOUR 0020] [TRUCK-0] MOVING pos=(53.64,57.07) dest=(43.60,75.00) dist=20.55
[HOUR 0020] [TRUCK-1] LOADING dock=0 shipment=3 size=1 cargo=1/2
[HOUR 0020] [SHIPMENT-3] IN_TRANSIT truck=1 src=0 dst=3 size=1
[HOUR 0020] [TRUCK-1] LOADING cargo=1/2
[HOUR 0020] [TRUCK-2] MOVING pos=(49.19,20.89) dest=(70.80,9.10) dist=24.62
[HOUR 0021] [WAREHOUSE-0] QUEUE length=0 trucks=[]
[HOUR 0021] [WAREHOUSE-0] DOCK_BUSY dock=0 truck=1 dock=1 FREE dock=2 FREE
[HOUR 0021] [WAREHOUSE-1] QUEUE length=0 trucks=[]
[HOUR 0021] [WAREHOUSE-1] DOCK_BUSY dock=0 FREE dock=1 FREE dock=2 FREE
[HOUR 0021] [WAREHOUSE-2] QUEUE length=0 trucks=[]
[HOUR 0021] [WAREHOUSE-2] DOCK_BUSY dock=0 FREE
[HOUR 0021] [WAREHOUSE-3] QUEUE length=0 trucks=[]
[HOUR 0021] [WAREHOUSE-3] DOCK_BUSY dock=0 FREE dock=1 FREE
[HOUR 0021] [WAREHOUSE-4] QUEUE length=0 trucks=[]
[HOUR 0021] [WAREHOUSE-4] DOCK_BUSY dock=0 FREE dock=1 FREE
[HOUR 0021] [TRUCK-0] MOVING pos=(52.17,59.69) dest=(43.60,75.00) dist=17.55
[HOUR 0021] [TRUCK-1] LOADING dock=0 shipment=2 size=1 cargo=2/2
[HOUR 0021] [SHIPMENT-2] IN_TRANSIT truck=1 src=0 dst=3 size=1
[HOUR 0021] [TRUCK-1] MOVING pos=(68.30,30.90) dest=(76.20,99.80) dist=69.35
[HOUR 0021] [TRUCK-2] MOVING pos=(50.94,19.94) dest=(70.80,9.10) dist=22.62
[HOUR 0022] [WAREHOUSE-0] QUEUE length=0 trucks=[]
[HOUR 0022] [WAREHOUSE-0] DOCK_BUSY dock=0 FREE dock=1 FREE dock=2 FREE
[HOUR 0022] [WAREHOUSE-1] QUEUE length=0 trucks=[]
[HOUR 0022] [WAREHOUSE-1] DOCK_BUSY dock=0 FREE dock=1 FREE dock=2 FREE
[HOUR 0022] [WAREHOUSE-2] QUEUE length=0 trucks=[]
[HOUR 0022] [WAREHOUSE-2] DOCK_BUSY dock=0 FREE
[HOUR 0022] [WAREHOUSE-3] QUEUE length=0 trucks=[]
[HOUR 0022] [WAREHOUSE-3] DOCK_BUSY dock=0 FREE dock=1 FREE
[HOUR 0022] [WAREHOUSE-4] QUEUE length=0 trucks=[]
[HOUR 0022] [WAREHOUSE-4] DOCK_BUSY dock=0 FREE dock=1 FREE
[HOUR 0022] [TRUCK-0] MOVING pos=(50.71,62.31) dest=(43.60,75.00) dist=14.55
[HOUR 0022] [TRUCK-1] MOVING pos=(68.76,34.87) dest=(76.20,99.80) dist=65.35
[HOUR 0022] [TRUCK-2] MOVING pos=(52.70,18.98) dest=(70.80,9.10) dist=20.62
[HOUR 0023] [WAREHOUSE-0] QUEUE length=0 trucks=[]
[HOUR 0023] [WAREHOUSE-0] DOCK_BUSY dock=0 FREE dock=1 FREE dock=2 FREE
[HOUR 0023] [WAREHOUSE-1] QUEUE length=0 trucks=[]
[HOUR 0023] [WAREHOUSE-1] DOCK_BUSY dock=0 FREE dock=1 FREE dock=2 FREE
[HOUR 0023] [WAREHOUSE-2] QUEUE length=0 trucks=[]
[HOUR 0023] [WAREHOUSE-2] DOCK_BUSY dock=0 FREE
[HOUR 0023] [WAREHOUSE-3] QUEUE length=0 trucks=[]
[HOUR 0023] [WAREHOUSE-3] DOCK_BUSY dock=0 FREE dock=1 FREE
[HOUR 0023] [WAREHOUSE-4] QUEUE length=0 trucks=[]
[HOUR 0023] [WAREHOUSE-4] DOCK_BUSY dock=0 FREE dock=1 FREE
[HOUR 0023] [TRUCK-0] MOVING pos=(49.24,64.93) dest=(43.60,75.00) dist=11.55
[HOUR 0023] [TRUCK-1] MOVING pos=(69.21,38.85) dest=(76.20,99.80) dist=61.35
[HOUR 0023] [TRUCK-2] MOVING pos=(54.46,18.02) dest=(70.80,9.10) dist=18.62
[HOUR 0024] [WAREHOUSE-0] QUEUE length=0 trucks=[]
[HOUR 0024] [WAREHOUSE-0] DOCK_BUSY dock=0 FREE dock=1 FREE dock=2 FREE
[HOUR 0024] [WAREHOUSE-1] QUEUE length=0 trucks=[]
[HOUR 0024] [WAREHOUSE-1] DOCK_BUSY dock=0 FREE dock=1 FREE dock=2 FREE
[HOUR 0024] [WAREHOUSE-2] QUEUE length=0 trucks=[]
[HOUR 0024] [WAREHOUSE-2] DOCK_BUSY dock=0 FREE
[HOUR 0024] [WAREHOUSE-3] QUEUE length=0 trucks=[]
[HOUR 0024] [WAREHOUSE-3] DOCK_BUSY dock=0 FREE dock=1 FREE
[HOUR 0024] [WAREHOUSE-4] QUEUE length=0 trucks=[]
[HOUR 0024] [WAREHOUSE-4] DOCK_BUSY dock=0 FREE dock=1 FREE
[HOUR 0024] [TRUCK-0] MOVING pos=(47.78,67.54) dest=(43.60,75.00) dist=8.55
[HOUR 0024] [TRUCK-1] MOVING pos=(69.67,42.82) dest=(76.20,99.80) dist=57.35
[HOUR 0024] [TRUCK-2] MOVING pos=(56.21,17.06) dest=(70.80,9.10) dist=16.62
[HOUR 0025] [WAREHOUSE-0] QUEUE length=0 trucks=[]
[HOUR 0025] [WAREHOUSE-0] DOCK_BUSY dock=0 FREE dock=1 FREE dock=2 FREE
[HOUR 0025] [WAREHOUSE-1] QUEUE length=0 trucks=[]
[HOUR 0025] [WAREHOUSE-1] DOCK_BUSY dock=0 FREE dock=1 FREE dock=2 FREE
[HOUR 0025] [WAREHOUSE-2] QUEUE length=0 trucks=[]
[HOUR 0025] [WAREHOUSE-2] DOCK_BUSY dock=0 FREE
[HOUR 0025] [WAREHOUSE-3] QUEUE length=0 trucks=[]
[HOUR 0025] [WAREHOUSE-3] DOCK_BUSY dock=0 FREE dock=1 FREE
[HOUR 0025] [WAREHOUSE-4] QUEUE length=0 trucks=[]
[HOUR 0025] [WAREHOUSE-4] DOCK_BUSY dock=0 FREE dock=1 FREE
[HOUR 0025] [TRUCK-0] MOVING pos=(46.31,70.16) dest=(43.60,75.00) dist=5.55
[HOUR 0025] [TRUCK-1] MOVING pos=(70.12,46.80) dest=(76.20,99.80) dist=53.35
[HOUR 0025] [TRUCK-2] MOVING pos=(57.97,16.10) dest=(70.80,9.10) dist=14.62
[HOUR 0026] [WAREHOUSE-0] QUEUE length=0 trucks=[]
[HOUR 0026] [WAREHOUSE-0] DOCK_BUSY dock=0 FREE dock=1 FREE dock=2 FREE
[HOUR 0026] [WAREHOUSE-1] QUEUE length=0 trucks=[]
[HOUR 0026] [WAREHOUSE-1] DOCK_BUSY dock=0 FREE dock=1 FREE dock=2 FREE
[HOUR 0026] [WAREHOUSE-2] QUEUE length=0 trucks=[]
[HOUR 0026] [WAREHOUSE-2] DOCK_BUSY dock=0 FREE
[HOUR 0026] [WAREHOUSE-3] QUEUE length=0 trucks=[]
[HOUR 0026] [WAREHOUSE-3] DOCK_BUSY dock=0 FREE dock=1 FREE
[HOUR 0026] [WAREHOUSE-4] QUEUE length=0 trucks=[]
[HOUR 0026] [WAREHOUSE-4] DOCK_BUSY dock=0 FREE dock=1 FREE
[HOUR 0026] [TRUCK-0] MOVING pos=(44.84,72.78) dest=(43.60,75.00) dist=2.55
[HOUR 0026] [TRUCK-1] MOVING pos=(70.58,50.77) dest=(76.20,99.80) dist=49.35
[HOUR 0026] [TRUCK-2] MOVING pos=(59.72,15.15) dest=(70.80,9.10) dist=12.62
[HOUR 0027] [WAREHOUSE-0] QUEUE length=0 trucks=[]
[HOUR 0027] [WAREHOUSE-0] DOCK_BUSY dock=0 FREE dock=1 FREE dock=2 FREE
[HOUR 0027] [WAREHOUSE-1] QUEUE length=0 trucks=[]
[HOUR 0027] [WAREHOUSE-1] DOCK_BUSY dock=0 FREE dock=1 FREE dock=2 FREE
[HOUR 0027] [WAREHOUSE-2] QUEUE length=0 trucks=[]
[HOUR 0027] [WAREHOUSE-2] DOCK_BUSY dock=0 FREE
[HOUR 0027] [WAREHOUSE-3] QUEUE length=0 trucks=[]
[HOUR 0027] [WAREHOUSE-3] DOCK_BUSY dock=0 FREE dock=1 FREE
[HOUR 0027] [WAREHOUSE-4] QUEUE length=0 trucks=[]
[HOUR 0027] [WAREHOUSE-4] DOCK_BUSY dock=0 FREE dock=1 FREE
[HOUR 0027] [TRUCK-0] WAITING pos=(43.60,75.00)
[HOUR 0027] [TRUCK-1] MOVING pos=(71.03,54.74) dest=(76.20,99.80) dist=45.35
[HOUR 0027] [TRUCK-2] MOVING pos=(61.48,14.19) dest=(70.80,9.10) dist=10.62
[HOUR 0028] [WAREHOUSE-0] QUEUE length=0 trucks=[]
[HOUR 0028] [WAREHOUSE-0] DOCK_BUSY dock=0 FREE dock=1 FREE dock=2 FREE
[HOUR 0028] [WAREHOUSE-1] QUEUE length=0 trucks=[]
[HOUR 0028] [WAREHOUSE-1] DOCK_BUSY dock=0 FREE dock=1 FREE dock=2 FREE
[HOUR 0028] [WAREHOUSE-2] QUEUE length=0 trucks=[]
[HOUR 0028] [WAREHOUSE-2] DOCK_BUSY dock=0 FREE
[HOUR 0028] [WAREHOUSE-3] QUEUE length=0 trucks=[]
[HOUR 0028] [WAREHOUSE-3] DOCK_BUSY dock=0 FREE dock=1 FREE
[HOUR 0028] [WAREHOUSE-4] QUEUE length=0 trucks=[]
[HOUR 0028] [WAREHOUSE-4] DOCK_BUSY dock=0 truck=0 dock=1 FREE
[HOUR 0028] [TRUCK-0] UNLOADING dock=0 shipment=0 dest=WH-4 delivered_hr=28
[HOUR 0028] [SHIPMENT-0] DELIVERED truck=0 pickup_hr=10 delivery_hr=28 transit=18h
[HOUR 0028] [TRUCK-0] MOVING pos=(43.60,75.00) dest=(36.90,27.60) dist=47.87
[HOUR 0028] [TRUCK-1] MOVING pos=(71.49,58.72) dest=(76.20,99.80) dist=41.35
[HOUR 0028] [TRUCK-2] MOVING pos=(63.23,13.23) dest=(70.80,9.10) dist=8.62
[HOUR 0029] [WAREHOUSE-0] QUEUE length=0 trucks=[]
[HOUR 0029] [WAREHOUSE-0] DOCK_BUSY dock=0 FREE dock=1 FREE dock=2 FREE
[HOUR 0029] [WAREHOUSE-1] QUEUE length=0 trucks=[]
[HOUR 0029] [WAREHOUSE-1] DOCK_BUSY dock=0 FREE dock=1 FREE dock=2 FREE
[HOUR 0029] [WAREHOUSE-2] QUEUE length=0 trucks=[]
[HOUR 0029] [WAREHOUSE-2] DOCK_BUSY dock=0 FREE
[HOUR 0029] [WAREHOUSE-3] QUEUE length=0 trucks=[]
[HOUR 0029] [WAREHOUSE-3] DOCK_BUSY dock=0 FREE dock=1 FREE
[HOUR 0029] [WAREHOUSE-4] QUEUE length=0 trucks=[]
[HOUR 0029] [WAREHOUSE-4] DOCK_BUSY dock=0 FREE dock=1 FREE
[HOUR 0029] [TRUCK-0] MOVING pos=(43.18,72.03) dest=(36.90,27.60) dist=44.87
[HOUR 0029] [TRUCK-1] MOVING pos=(71.95,62.69) dest=(76.20,99.80) dist=37.35
[HOUR 0029] [TRUCK-2] MOVING pos=(64.99,12.27) dest=(70.80,9.10) dist=6.62
[HOUR 0030] [WAREHOUSE-0] QUEUE length=0 trucks=[]
[HOUR 0030] [WAREHOUSE-0] DOCK_BUSY dock=0 FREE dock=1 FREE dock=2 FREE
[HOUR 0030] [WAREHOUSE-1] QUEUE length=0 trucks=[]
[HOUR 0030] [WAREHOUSE-1] DOCK_BUSY dock=0 FREE dock=1 FREE dock=2 FREE
[HOUR 0030] [WAREHOUSE-2] QUEUE length=0 trucks=[]
[HOUR 0030] [WAREHOUSE-2] DOCK_BUSY dock=0 FREE
[HOUR 0030] [WAREHOUSE-3] QUEUE length=0 trucks=[]
[HOUR 0030] [WAREHOUSE-3] DOCK_BUSY dock=0 FREE dock=1 FREE
[HOUR 0030] [WAREHOUSE-4] QUEUE length=0 trucks=[]
[HOUR 0030] [WAREHOUSE-4] DOCK_BUSY dock=0 FREE dock=1 FREE
[HOUR 0030] [TRUCK-0] MOVING pos=(42.76,69.06) dest=(36.90,27.60) dist=41.87
[HOUR 0030] [TRUCK-1] MOVING pos=(72.40,66.67) dest=(76.20,99.80) dist=33.35
[HOUR 0030] [TRUCK-2] MOVING pos=(66.75,11.31) dest=(70.80,9.10) dist=4.62
[HOUR 0031] [WAREHOUSE-0] QUEUE length=0 trucks=[]
[HOUR 0031] [WAREHOUSE-0] DOCK_BUSY dock=0 FREE dock=1 FREE dock=2 FREE
[HOUR 0031] [WAREHOUSE-1] QUEUE length=0 trucks=[]
[HOUR 0031] [WAREHOUSE-1] DOCK_BUSY dock=0 FREE dock=1 FREE dock=2 FREE
[HOUR 0031] [WAREHOUSE-2] QUEUE length=0 trucks=[]
[HOUR 0031] [WAREHOUSE-2] DOCK_BUSY dock=0 FREE
[HOUR 0031] [WAREHOUSE-3] QUEUE length=0 trucks=[]
[HOUR 0031] [WAREHOUSE-3] DOCK_BUSY dock=0 FREE dock=1 FREE
[HOUR 0031] [WAREHOUSE-4] QUEUE length=0 trucks=[]
[HOUR 0031] [WAREHOUSE-4] DOCK_BUSY dock=0 FREE dock=1 FREE
[HOUR 0031] [TRUCK-0] MOVING pos=(42.34,66.09) dest=(36.90,27.60) dist=38.87
[HOUR 0031] [TRUCK-1] MOVING pos=(72.86,70.64) dest=(76.20,99.80) dist=29.35
[HOUR 0031] [TRUCK-2] MOVING pos=(68.50,10.35) dest=(70.80,9.10) dist=2.62
[HOUR 0032] [WAREHOUSE-0] QUEUE length=0 trucks=[]
[HOUR 0032] [WAREHOUSE-0] DOCK_BUSY dock=0 FREE dock=1 FREE dock=2 FREE
[HOUR 0032] [WAREHOUSE-1] QUEUE length=0 trucks=[]
[HOUR 0032] [WAREHOUSE-1] DOCK_BUSY dock=0 FREE dock=1 FREE dock=2 FREE
[HOUR 0032] [WAREHOUSE-2] QUEUE length=0 trucks=[]
[HOUR 0032] [WAREHOUSE-2] DOCK_BUSY dock=0 FREE
[HOUR 0032] [WAREHOUSE-3] QUEUE length=0 trucks=[]
[HOUR 0032] [WAREHOUSE-3] DOCK_BUSY dock=0 FREE dock=1 FREE
[HOUR 0032] [WAREHOUSE-4] QUEUE length=0 trucks=[]
[HOUR 0032] [WAREHOUSE-4] DOCK_BUSY dock=0 FREE dock=1 FREE
[HOUR 0032] [TRUCK-0] MOVING pos=(41.92,63.12) dest=(36.90,27.60) dist=35.87
[HOUR 0032] [TRUCK-1] MOVING pos=(73.31,74.61) dest=(76.20,99.80) dist=25.35
[HOUR 0032] [TRUCK-2] MOVING pos=(70.26,9.40) dest=(70.80,9.10) dist=0.62
[HOUR 0033] [WAREHOUSE-0] QUEUE length=0 trucks=[]
[HOUR 0033] [WAREHOUSE-0] DOCK_BUSY dock=0 FREE dock=1 FREE dock=2 FREE
[HOUR 0033] [WAREHOUSE-1] QUEUE length=0 trucks=[]
[HOUR 0033] [WAREHOUSE-1] DOCK_BUSY dock=0 FREE dock=1 FREE dock=2 FREE
[HOUR 0033] [WAREHOUSE-2] QUEUE length=0 trucks=[]
[HOUR 0033] [WAREHOUSE-2] DOCK_BUSY dock=0 FREE
[HOUR 0033] [WAREHOUSE-3] QUEUE length=0 trucks=[]
[HOUR 0033] [WAREHOUSE-3] DOCK_BUSY dock=0 FREE dock=1 FREE
[HOUR 0033] [WAREHOUSE-4] QUEUE length=0 trucks=[]
[HOUR 0033] [WAREHOUSE-4] DOCK_BUSY dock=0 FREE dock=1 FREE
[HOUR 0033] [TRUCK-0] MOVING pos=(41.50,60.15) dest=(36.90,27.60) dist=32.87
[HOUR 0033] [TRUCK-1] MOVING pos=(73.77,78.59) dest=(76.20,99.80) dist=21.35
[HOUR 0033] [TRUCK-2] WAITING pos=(70.80,9.10)
[HOUR 0034] [WAREHOUSE-0] QUEUE length=0 trucks=[]
[HOUR 0034] [WAREHOUSE-0] DOCK_BUSY dock=0 FREE dock=1 FREE dock=2 FREE
[HOUR 0034] [WAREHOUSE-1] QUEUE length=0 trucks=[]
[HOUR 0034] [WAREHOUSE-1] DOCK_BUSY dock=0 truck=2 dock=1 FREE dock=2 FREE
[HOUR 0034] [WAREHOUSE-2] QUEUE length=0 trucks=[]
[HOUR 0034] [WAREHOUSE-2] DOCK_BUSY dock=0 FREE
[HOUR 0034] [WAREHOUSE-3] QUEUE length=0 trucks=[]
[HOUR 0034] [WAREHOUSE-3] DOCK_BUSY dock=0 FREE dock=1 FREE
[HOUR 0034] [WAREHOUSE-4] QUEUE length=0 trucks=[]
[HOUR 0034] [WAREHOUSE-4] DOCK_BUSY dock=0 FREE dock=1 FREE
[HOUR 0034] [TRUCK-0] MOVING pos=(41.08,57.18) dest=(36.90,27.60) dist=29.87
[HOUR 0034] [TRUCK-1] MOVING pos=(74.22,82.56) dest=(76.20,99.80) dist=17.35
[HOUR 0034] [TRUCK-2] UNLOADING dock=0 shipment=5 dest=WH-1 delivered_hr=34
[HOUR 0034] [SHIPMENT-5] DELIVERED truck=2 pickup_hr=13 delivery_hr=34 transit=21h
[HOUR 0034] [TRUCK-2] MOVING pos=(70.80,9.10) dest=(76.20,99.80) dist=90.86
[HOUR 0035] [WAREHOUSE-0] QUEUE length=0 trucks=[]
[HOUR 0035] [WAREHOUSE-0] DOCK_BUSY dock=0 FREE dock=1 FREE dock=2 FREE
[HOUR 0035] [WAREHOUSE-1] QUEUE length=0 trucks=[]
[HOUR 0035] [WAREHOUSE-1] DOCK_BUSY dock=0 FREE dock=1 FREE dock=2 FREE
[HOUR 0035] [WAREHOUSE-2] QUEUE length=0 trucks=[]
[HOUR 0035] [WAREHOUSE-2] DOCK_BUSY dock=0 FREE
[HOUR 0035] [WAREHOUSE-3] QUEUE length=0 trucks=[]
[HOUR 0035] [WAREHOUSE-3] DOCK_BUSY dock=0 FREE dock=1 FREE
[HOUR 0035] [WAREHOUSE-4] QUEUE length=0 trucks=[]
[HOUR 0035] [WAREHOUSE-4] DOCK_BUSY dock=0 FREE dock=1 FREE
[HOUR 0035] [TRUCK-0] MOVING pos=(40.66,54.21) dest=(36.90,27.60) dist=26.87
[HOUR 0035] [TRUCK-1] MOVING pos=(74.68,86.54) dest=(76.20,99.80) dist=13.35
[HOUR 0035] [TRUCK-2] MOVING pos=(70.92,11.10) dest=(76.20,99.80) dist=88.86
[HOUR 0036] [WAREHOUSE-0] QUEUE length=0 trucks=[]
[HOUR 0036] [WAREHOUSE-0] DOCK_BUSY dock=0 FREE dock=1 FREE dock=2 FREE
[HOUR 0036] [WAREHOUSE-1] QUEUE length=0 trucks=[]
[HOUR 0036] [WAREHOUSE-1] DOCK_BUSY dock=0 FREE dock=1 FREE dock=2 FREE
[HOUR 0036] [WAREHOUSE-2] QUEUE length=0 trucks=[]
[HOUR 0036] [WAREHOUSE-2] DOCK_BUSY dock=0 FREE
[HOUR 0036] [WAREHOUSE-3] QUEUE length=0 trucks=[]
[HOUR 0036] [WAREHOUSE-3] DOCK_BUSY dock=0 FREE dock=1 FREE
[HOUR 0036] [WAREHOUSE-4] QUEUE length=0 trucks=[]
[HOUR 0036] [WAREHOUSE-4] DOCK_BUSY dock=0 FREE dock=1 FREE
[HOUR 0036] [TRUCK-0] MOVING pos=(40.24,51.24) dest=(36.90,27.60) dist=23.87
[HOUR 0036] [TRUCK-1] MOVING pos=(75.13,90.51) dest=(76.20,99.80) dist=9.35
[HOUR 0036] [TRUCK-2] MOVING pos=(71.04,13.09) dest=(76.20,99.80) dist=86.86
[HOUR 0037] [WAREHOUSE-0] QUEUE length=0 trucks=[]
[HOUR 0037] [WAREHOUSE-0] DOCK_BUSY dock=0 FREE dock=1 FREE dock=2 FREE
[HOUR 0037] [WAREHOUSE-1] QUEUE length=0 trucks=[]
[HOUR 0037] [WAREHOUSE-1] DOCK_BUSY dock=0 FREE dock=1 FREE dock=2 FREE
[HOUR 0037] [WAREHOUSE-2] QUEUE length=0 trucks=[]
[HOUR 0037] [WAREHOUSE-2] DOCK_BUSY dock=0 FREE
[HOUR 0037] [WAREHOUSE-3] QUEUE length=0 trucks=[]
[HOUR 0037] [WAREHOUSE-3] DOCK_BUSY dock=0 FREE dock=1 FREE
[HOUR 0037] [WAREHOUSE-4] QUEUE length=0 trucks=[]
[HOUR 0037] [WAREHOUSE-4] DOCK_BUSY dock=0 FREE dock=1 FREE
[HOUR 0037] [TRUCK-0] MOVING pos=(39.82,48.27) dest=(36.90,27.60) dist=20.87
[HOUR 0037] [TRUCK-1] MOVING pos=(75.59,94.48) dest=(76.20,99.80) dist=5.35
[HOUR 0037] [TRUCK-2] MOVING pos=(71.16,15.09) dest=(76.20,99.80) dist=84.86
[HOUR 0038] [WAREHOUSE-0] QUEUE length=0 trucks=[]
[HOUR 0038] [WAREHOUSE-0] DOCK_BUSY dock=0 FREE dock=1 FREE dock=2 FREE
[HOUR 0038] [WAREHOUSE-1] QUEUE length=0 trucks=[]
[HOUR 0038] [WAREHOUSE-1] DOCK_BUSY dock=0 FREE dock=1 FREE dock=2 FREE
[HOUR 0038] [WAREHOUSE-2] QUEUE length=0 trucks=[]
[HOUR 0038] [WAREHOUSE-2] DOCK_BUSY dock=0 FREE
[HOUR 0038] [WAREHOUSE-3] QUEUE length=0 trucks=[]
[HOUR 0038] [WAREHOUSE-3] DOCK_BUSY dock=0 FREE dock=1 FREE
[HOUR 0038] [WAREHOUSE-4] QUEUE length=0 trucks=[]
[HOUR 0038] [WAREHOUSE-4] DOCK_BUSY dock=0 FREE dock=1 FREE
[HOUR 0038] [TRUCK-0] MOVING pos=(39.40,45.30) dest=(36.90,27.60) dist=17.87
[HOUR 0038] [TRUCK-1] MOVING pos=(76.05,98.46) dest=(76.20,99.80) dist=1.35
[HOUR 0038] [TRUCK-2] MOVING pos=(71.28,17.09) dest=(76.20,99.80) dist=82.86
[HOUR 0039] [WAREHOUSE-0] QUEUE length=0 trucks=[]
[HOUR 0039] [WAREHOUSE-0] DOCK_BUSY dock=0 FREE dock=1 FREE dock=2 FREE
[HOUR 0039] [WAREHOUSE-1] QUEUE length=0 trucks=[]
[HOUR 0039] [WAREHOUSE-1] DOCK_BUSY dock=0 FREE dock=1 FREE dock=2 FREE
[HOUR 0039] [WAREHOUSE-2] QUEUE length=0 trucks=[]
[HOUR 0039] [WAREHOUSE-2] DOCK_BUSY dock=0 FREE
[HOUR 0039] [WAREHOUSE-3] QUEUE length=0 trucks=[]
[HOUR 0039] [WAREHOUSE-3] DOCK_BUSY dock=0 FREE dock=1 FREE
[HOUR 0039] [WAREHOUSE-4] QUEUE length=0 trucks=[]
[HOUR 0039] [WAREHOUSE-4] DOCK_BUSY dock=0 FREE dock=1 FREE
[HOUR 0039] [TRUCK-0] MOVING pos=(38.98,42.32) dest=(36.90,27.60) dist=14.87
[HOUR 0039] [TRUCK-1] WAITING pos=(76.20,99.80)
[HOUR 0039] [TRUCK-2] MOVING pos=(71.39,19.08) dest=(76.20,99.80) dist=80.86
[HOUR 0040] [WAREHOUSE-0] QUEUE length=0 trucks=[]
[HOUR 0040] [WAREHOUSE-0] DOCK_BUSY dock=0 FREE dock=1 FREE dock=2 FREE
[HOUR 0040] [WAREHOUSE-1] QUEUE length=0 trucks=[]
[HOUR 0040] [WAREHOUSE-1] DOCK_BUSY dock=0 FREE dock=1 FREE dock=2 FREE
[HOUR 0040] [WAREHOUSE-2] QUEUE length=0 trucks=[]
[HOUR 0040] [WAREHOUSE-2] DOCK_BUSY dock=0 FREE
[HOUR 0040] [WAREHOUSE-3] QUEUE length=0 trucks=[]
[HOUR 0040] [WAREHOUSE-3] DOCK_BUSY dock=0 truck=1 dock=1 FREE
[HOUR 0040] [WAREHOUSE-4] QUEUE length=0 trucks=[]
[HOUR 0040] [WAREHOUSE-4] DOCK_BUSY dock=0 FREE dock=1 FREE
[HOUR 0040] [TRUCK-0] MOVING pos=(38.56,39.35) dest=(36.90,27.60) dist=11.87
[HOUR 0040] [TRUCK-1] UNLOADING dock=0 shipment=2 dest=WH-3 delivered_hr=40
[HOUR 0040] [SHIPMENT-2] DELIVERED truck=1 pickup_hr=21 delivery_hr=40 transit=19h
[HOUR 0040] [TRUCK-1] UNLOADING cargo=1/2
[HOUR 0040] [TRUCK-2] MOVING pos=(71.51,21.08) dest=(76.20,99.80) dist=78.86
[HOUR 0041] [WAREHOUSE-0] QUEUE length=0 trucks=[]
[HOUR 0041] [WAREHOUSE-0] DOCK_BUSY dock=0 FREE dock=1 FREE dock=2 FREE
[HOUR 0041] [WAREHOUSE-1] QUEUE length=0 trucks=[]
[HOUR 0041] [WAREHOUSE-1] DOCK_BUSY dock=0 FREE dock=1 FREE dock=2 FREE
[HOUR 0041] [WAREHOUSE-2] QUEUE length=0 trucks=[]
[HOUR 0041] [WAREHOUSE-2] DOCK_BUSY dock=0 FREE
[HOUR 0041] [WAREHOUSE-3] QUEUE length=0 trucks=[]
[HOUR 0041] [WAREHOUSE-3] DOCK_BUSY dock=0 truck=1 dock=1 FREE
[HOUR 0041] [WAREHOUSE-4] QUEUE length=0 trucks=[]
[HOUR 0041] [WAREHOUSE-4] DOCK_BUSY dock=0 FREE dock=1 FREE
[HOUR 0041] [TRUCK-0] MOVING pos=(38.14,36.38) dest=(36.90,27.60) dist=8.87
[HOUR 0041] [TRUCK-1] UNLOADING dock=0 shipment=3 dest=WH-3 delivered_hr=41
[HOUR 0041] [SHIPMENT-3] DELIVERED truck=1 pickup_hr=20 delivery_hr=41 transit=21h
[HOUR 0041] [TRUCK-1] IDLE manifest_remaining=0 cargo=0
[HOUR 0041] [TRUCK-2] MOVING pos=(71.63,23.08) dest=(76.20,99.80) dist=76.86
[HOUR 0042] [WAREHOUSE-0] QUEUE length=0 trucks=[]
[HOUR 0042] [WAREHOUSE-0] DOCK_BUSY dock=0 FREE dock=1 FREE dock=2 FREE
[HOUR 0042] [WAREHOUSE-1] QUEUE length=0 trucks=[]
[HOUR 0042] [WAREHOUSE-1] DOCK_BUSY dock=0 FREE dock=1 FREE dock=2 FREE
[HOUR 0042] [WAREHOUSE-2] QUEUE length=0 trucks=[]
[HOUR 0042] [WAREHOUSE-2] DOCK_BUSY dock=0 FREE
[HOUR 0042] [WAREHOUSE-3] QUEUE length=0 trucks=[]
[HOUR 0042] [WAREHOUSE-3] DOCK_BUSY dock=0 FREE dock=1 FREE
[HOUR 0042] [WAREHOUSE-4] QUEUE length=0 trucks=[]
[HOUR 0042] [WAREHOUSE-4] DOCK_BUSY dock=0 FREE dock=1 FREE
[HOUR 0042] [TRUCK-0] MOVING pos=(37.72,33.41) dest=(36.90,27.60) dist=5.87
[HOUR 0042] [TRUCK-1] IDLE manifest_remaining=0 cargo=0
[HOUR 0042] [TRUCK-2] MOVING pos=(71.75,25.07) dest=(76.20,99.80) dist=74.86
[HOUR 0043] [WAREHOUSE-0] QUEUE length=0 trucks=[]
[HOUR 0043] [WAREHOUSE-0] DOCK_BUSY dock=0 FREE dock=1 FREE dock=2 FREE
[HOUR 0043] [WAREHOUSE-1] QUEUE length=0 trucks=[]
[HOUR 0043] [WAREHOUSE-1] DOCK_BUSY dock=0 FREE dock=1 FREE dock=2 FREE
[HOUR 0043] [WAREHOUSE-2] QUEUE length=0 trucks=[]
[HOUR 0043] [WAREHOUSE-2] DOCK_BUSY dock=0 FREE
[HOUR 0043] [WAREHOUSE-3] QUEUE length=0 trucks=[]
[HOUR 0043] [WAREHOUSE-3] DOCK_BUSY dock=0 FREE dock=1 FREE
[HOUR 0043] [WAREHOUSE-4] QUEUE length=0 trucks=[]
[HOUR 0043] [WAREHOUSE-4] DOCK_BUSY dock=0 FREE dock=1 FREE
[HOUR 0043] [TRUCK-0] MOVING pos=(37.30,30.44) dest=(36.90,27.60) dist=2.87
[HOUR 0043] [TRUCK-1] IDLE manifest_remaining=0 cargo=0
[HOUR 0043] [TRUCK-2] MOVING pos=(71.87,27.07) dest=(76.20,99.80) dist=72.86
[HOUR 0044] [WAREHOUSE-0] QUEUE length=0 trucks=[]
[HOUR 0044] [WAREHOUSE-0] DOCK_BUSY dock=0 FREE dock=1 FREE dock=2 FREE
[HOUR 0044] [WAREHOUSE-1] QUEUE length=0 trucks=[]
[HOUR 0044] [WAREHOUSE-1] DOCK_BUSY dock=0 FREE dock=1 FREE dock=2 FREE
[HOUR 0044] [WAREHOUSE-2] QUEUE length=0 trucks=[]
[HOUR 0044] [WAREHOUSE-2] DOCK_BUSY dock=0 FREE
[HOUR 0044] [WAREHOUSE-3] QUEUE length=0 trucks=[]
[HOUR 0044] [WAREHOUSE-3] DOCK_BUSY dock=0 FREE dock=1 FREE
[HOUR 0044] [WAREHOUSE-4] QUEUE length=0 trucks=[]
[HOUR 0044] [WAREHOUSE-4] DOCK_BUSY dock=0 FREE dock=1 FREE
[HOUR 0044] [TRUCK-0] WAITING pos=(36.90,27.60)
[HOUR 0044] [TRUCK-1] IDLE manifest_remaining=0 cargo=0
[HOUR 0044] [TRUCK-2] MOVING pos=(71.99,29.06) dest=(76.20,99.80) dist=70.86
[HOUR 0045] [WAREHOUSE-0] QUEUE length=0 trucks=[]
[HOUR 0045] [WAREHOUSE-0] DOCK_BUSY dock=0 FREE dock=1 FREE dock=2 FREE
[HOUR 0045] [WAREHOUSE-1] QUEUE length=0 trucks=[]
[HOUR 0045] [WAREHOUSE-1] DOCK_BUSY dock=0 FREE dock=1 FREE dock=2 FREE
[HOUR 0045] [WAREHOUSE-2] QUEUE length=0 trucks=[]
[HOUR 0045] [WAREHOUSE-2] DOCK_BUSY dock=0 truck=0
[HOUR 0045] [WAREHOUSE-3] QUEUE length=0 trucks=[]
[HOUR 0045] [WAREHOUSE-3] DOCK_BUSY dock=0 FREE dock=1 FREE
[HOUR 0045] [WAREHOUSE-4] QUEUE length=0 trucks=[]
[HOUR 0045] [WAREHOUSE-4] DOCK_BUSY dock=0 FREE dock=1 FREE
[HOUR 0045] [TRUCK-0] UNLOADING dock=0 shipment=1 dest=WH-2 delivered_hr=45
[HOUR 0045] [SHIPMENT-1] DELIVERED truck=0 pickup_hr=9 delivery_hr=45 transit=36h
[HOUR 0045] [TRUCK-0] IDLE manifest_remaining=0 cargo=0
[HOUR 0045] [TRUCK-1] IDLE manifest_remaining=0 cargo=0
[HOUR 0045] [TRUCK-2] MOVING pos=(72.11,31.06) dest=(76.20,99.80) dist=68.86
[HOUR 0046] [WAREHOUSE-0] QUEUE length=0 trucks=[]
[HOUR 0046] [WAREHOUSE-0] DOCK_BUSY dock=0 FREE dock=1 FREE dock=2 FREE
[HOUR 0046] [WAREHOUSE-1] QUEUE length=0 trucks=[]
[HOUR 0046] [WAREHOUSE-1] DOCK_BUSY dock=0 FREE dock=1 FREE dock=2 FREE
[HOUR 0046] [WAREHOUSE-2] QUEUE length=0 trucks=[]
[HOUR 0046] [WAREHOUSE-2] DOCK_BUSY dock=0 FREE
[HOUR 0046] [WAREHOUSE-3] QUEUE length=0 trucks=[]
[HOUR 0046] [WAREHOUSE-3] DOCK_BUSY dock=0 FREE dock=1 FREE
[HOUR 0046] [WAREHOUSE-4] QUEUE length=0 trucks=[]
[HOUR 0046] [WAREHOUSE-4] DOCK_BUSY dock=0 FREE dock=1 FREE
[HOUR 0046] [TRUCK-0] IDLE manifest_remaining=0 cargo=0
[HOUR 0046] [TRUCK-1] IDLE manifest_remaining=0 cargo=0
[HOUR 0046] [TRUCK-2] MOVING pos=(72.23,33.06) dest=(76.20,99.80) dist=66.86
[HOUR 0047] [WAREHOUSE-0] QUEUE length=0 trucks=[]
[HOUR 0047] [WAREHOUSE-0] DOCK_BUSY dock=0 FREE dock=1 FREE dock=2 FREE
[HOUR 0047] [WAREHOUSE-1] QUEUE length=0 trucks=[]
[HOUR 0047] [WAREHOUSE-1] DOCK_BUSY dock=0 FREE dock=1 FREE dock=2 FREE
[HOUR 0047] [WAREHOUSE-2] QUEUE length=0 trucks=[]
[HOUR 0047] [WAREHOUSE-2] DOCK_BUSY dock=0 FREE
[HOUR 0047] [WAREHOUSE-3] QUEUE length=0 trucks=[]
[HOUR 0047] [WAREHOUSE-3] DOCK_BUSY dock=0 FREE dock=1 FREE
[HOUR 0047] [WAREHOUSE-4] QUEUE length=0 trucks=[]
[HOUR 0047] [WAREHOUSE-4] DOCK_BUSY dock=0 FREE dock=1 FREE
[HOUR 0047] [TRUCK-0] IDLE manifest_remaining=0 cargo=0
[HOUR 0047] [TRUCK-1] IDLE manifest_remaining=0 cargo=0
[HOUR 0047] [TRUCK-2] MOVING pos=(72.35,35.05) dest=(76.20,99.80) dist=64.86
[HOUR 0048] [WAREHOUSE-0] QUEUE length=0 trucks=[]
[HOUR 0048] [WAREHOUSE-0] DOCK_BUSY dock=0 FREE dock=1 FREE dock=2 FREE
[HOUR 0048] [WAREHOUSE-1] QUEUE length=0 trucks=[]
[HOUR 0048] [WAREHOUSE-1] DOCK_BUSY dock=0 FREE dock=1 FREE dock=2 FREE
[HOUR 0048] [WAREHOUSE-2] QUEUE length=0 trucks=[]
[HOUR 0048] [WAREHOUSE-2] DOCK_BUSY dock=0 FREE
[HOUR 0048] [WAREHOUSE-3] QUEUE length=0 trucks=[]
[HOUR 0048] [WAREHOUSE-3] DOCK_BUSY dock=0 FREE dock=1 FREE
[HOUR 0048] [WAREHOUSE-4] QUEUE length=0 trucks=[]
[HOUR 0048] [WAREHOUSE-4] DOCK_BUSY dock=0 FREE dock=1 FREE
[HOUR 0048] [TRUCK-0] IDLE manifest_remaining=0 cargo=0
[HOUR 0048] [TRUCK-1] IDLE manifest_remaining=0 cargo=0
[HOUR 0048] [TRUCK-2] MOVING pos=(72.46,37.05) dest=(76.20,99.80) dist=62.86
[HOUR 0049] [WAREHOUSE-0] QUEUE length=0 trucks=[]
[HOUR 0049] [WAREHOUSE-0] DOCK_BUSY dock=0 FREE dock=1 FREE dock=2 FREE
[HOUR 0049] [WAREHOUSE-1] QUEUE length=0 trucks=[]
[HOUR 0049] [WAREHOUSE-1] DOCK_BUSY dock=0 FREE dock=1 FREE dock=2 FREE
[HOUR 0049] [WAREHOUSE-2] QUEUE length=0 trucks=[]
[HOUR 0049] [WAREHOUSE-2] DOCK_BUSY dock=0 FREE
[HOUR 0049] [WAREHOUSE-3] QUEUE length=0 trucks=[]
[HOUR 0049] [WAREHOUSE-3] DOCK_BUSY dock=0 FREE dock=1 FREE
[HOUR 0049] [WAREHOUSE-4] QUEUE length=0 trucks=[]
[HOUR 0049] [WAREHOUSE-4] DOCK_BUSY dock=0 FREE dock=1 FREE
[HOUR 0049] [TRUCK-0] IDLE manifest_remaining=0 cargo=0
[HOUR 0049] [TRUCK-1] IDLE manifest_remaining=0 cargo=0
[HOUR 0049] [TRUCK-2] MOVING pos=(72.58,39.05) dest=(76.20,99.80) dist=60.86
[HOUR 0050] [WAREHOUSE-0] QUEUE length=0 trucks=[]
[HOUR 0050] [WAREHOUSE-0] DOCK_BUSY dock=0 FREE dock=1 FREE dock=2 FREE
[HOUR 0050] [WAREHOUSE-1] QUEUE length=0 trucks=[]
[HOUR 0050] [WAREHOUSE-1] DOCK_BUSY dock=0 FREE dock=1 FREE dock=2 FREE
[HOUR 0050] [WAREHOUSE-2] QUEUE length=0 trucks=[]
[HOUR 0050] [WAREHOUSE-2] DOCK_BUSY dock=0 FREE
[HOUR 0050] [WAREHOUSE-3] QUEUE length=0 trucks=[]
[HOUR 0050] [WAREHOUSE-3] DOCK_BUSY dock=0 FREE dock=1 FREE
[HOUR 0050] [WAREHOUSE-4] QUEUE length=0 trucks=[]
[HOUR 0050] [WAREHOUSE-4] DOCK_BUSY dock=0 FREE dock=1 FREE
[HOUR 0050] [TRUCK-0] IDLE manifest_remaining=0 cargo=0
[HOUR 0050] [TRUCK-1] IDLE manifest_remaining=0 cargo=0
[HOUR 0050] [TRUCK-2] MOVING pos=(72.70,41.04) dest=(76.20,99.80) dist=58.86
[HOUR 0051] [WAREHOUSE-0] QUEUE length=0 trucks=[]
[HOUR 0051] [WAREHOUSE-0] DOCK_BUSY dock=0 FREE dock=1 FREE dock=2 FREE
[HOUR 0051] [WAREHOUSE-1] QUEUE length=0 trucks=[]
[HOUR 0051] [WAREHOUSE-1] DOCK_BUSY dock=0 FREE dock=1 FREE dock=2 FREE
[HOUR 0051] [WAREHOUSE-2] QUEUE length=0 trucks=[]
[HOUR 0051] [WAREHOUSE-2] DOCK_BUSY dock=0 FREE
[HOUR 0051] [WAREHOUSE-3] QUEUE length=0 trucks=[]
[HOUR 0051] [WAREHOUSE-3] DOCK_BUSY dock=0 FREE dock=1 FREE
[HOUR 0051] [WAREHOUSE-4] QUEUE length=0 trucks=[]
[HOUR 0051] [WAREHOUSE-4] DOCK_BUSY dock=0 FREE dock=1 FREE
[HOUR 0051] [TRUCK-0] IDLE manifest_remaining=0 cargo=0
[HOUR 0051] [TRUCK-1] IDLE manifest_remaining=0 cargo=0
[HOUR 0051] [TRUCK-2] MOVING pos=(72.82,43.04) dest=(76.20,99.80) dist=56.86
[HOUR 0052] [WAREHOUSE-0] QUEUE length=0 trucks=[]
[HOUR 0052] [WAREHOUSE-0] DOCK_BUSY dock=0 FREE dock=1 FREE dock=2 FREE
[HOUR 0052] [WAREHOUSE-1] QUEUE length=0 trucks=[]
[HOUR 0052] [WAREHOUSE-1] DOCK_BUSY dock=0 FREE dock=1 FREE dock=2 FREE
[HOUR 0052] [WAREHOUSE-2] QUEUE length=0 trucks=[]
[HOUR 0052] [WAREHOUSE-2] DOCK_BUSY dock=0 FREE
[HOUR 0052] [WAREHOUSE-3] QUEUE length=0 trucks=[]
[HOUR 0052] [WAREHOUSE-3] DOCK_BUSY dock=0 FREE dock=1 FREE
[HOUR 0052] [WAREHOUSE-4] QUEUE length=0 trucks=[]
[HOUR 0052] [WAREHOUSE-4] DOCK_BUSY dock=0 FREE dock=1 FREE
[HOUR 0052] [TRUCK-0] IDLE manifest_remaining=0 cargo=0
[HOUR 0052] [TRUCK-1] IDLE manifest_remaining=0 cargo=0
[HOUR 0052] [TRUCK-2] MOVING pos=(72.94,45.04) dest=(76.20,99.80) dist=54.86
[HOUR 0053] [WAREHOUSE-0] QUEUE length=0 trucks=[]
[HOUR 0053] [WAREHOUSE-0] DOCK_BUSY dock=0 FREE dock=1 FREE dock=2 FREE
[HOUR 0053] [WAREHOUSE-1] QUEUE length=0 trucks=[]
[HOUR 0053] [WAREHOUSE-1] DOCK_BUSY dock=0 FREE dock=1 FREE dock=2 FREE
[HOUR 0053] [WAREHOUSE-2] QUEUE length=0 trucks=[]
[HOUR 0053] [WAREHOUSE-2] DOCK_BUSY dock=0 FREE
[HOUR 0053] [WAREHOUSE-3] QUEUE length=0 trucks=[]
[HOUR 0053] [WAREHOUSE-3] DOCK_BUSY dock=0 FREE dock=1 FREE
[HOUR 0053] [WAREHOUSE-4] QUEUE length=0 trucks=[]
[HOUR 0053] [WAREHOUSE-4] DOCK_BUSY dock=0 FREE dock=1 FREE
[HOUR 0053] [TRUCK-0] IDLE manifest_remaining=0 cargo=0
[HOUR 0053] [TRUCK-1] IDLE manifest_remaining=0 cargo=0
[HOUR 0053] [TRUCK-2] MOVING pos=(73.06,47.03) dest=(76.20,99.80) dist=52.86
[HOUR 0054] [WAREHOUSE-0] QUEUE length=0 trucks=[]
[HOUR 0054] [WAREHOUSE-0] DOCK_BUSY dock=0 FREE dock=1 FREE dock=2 FREE
[HOUR 0054] [WAREHOUSE-1] QUEUE length=0 trucks=[]
[HOUR 0054] [WAREHOUSE-1] DOCK_BUSY dock=0 FREE dock=1 FREE dock=2 FREE
[HOUR 0054] [WAREHOUSE-2] QUEUE length=0 trucks=[]
[HOUR 0054] [WAREHOUSE-2] DOCK_BUSY dock=0 FREE
[HOUR 0054] [WAREHOUSE-3] QUEUE length=0 trucks=[]
[HOUR 0054] [WAREHOUSE-3] DOCK_BUSY dock=0 FREE dock=1 FREE
[HOUR 0054] [WAREHOUSE-4] QUEUE length=0 trucks=[]
[HOUR 0054] [WAREHOUSE-4] DOCK_BUSY dock=0 FREE dock=1 FREE
[HOUR 0054] [TRUCK-0] IDLE manifest_remaining=0 cargo=0
[HOUR 0054] [TRUCK-1] IDLE manifest_remaining=0 cargo=0
[HOUR 0054] [TRUCK-2] MOVING pos=(73.18,49.03) dest=(76.20,99.80) dist=50.86
[HOUR 0055] [WAREHOUSE-0] QUEUE length=0 trucks=[]
[HOUR 0055] [WAREHOUSE-0] DOCK_BUSY dock=0 FREE dock=1 FREE dock=2 FREE
[HOUR 0055] [WAREHOUSE-1] QUEUE length=0 trucks=[]
[HOUR 0055] [WAREHOUSE-1] DOCK_BUSY dock=0 FREE dock=1 FREE dock=2 FREE
[HOUR 0055] [WAREHOUSE-2] QUEUE length=0 trucks=[]
[HOUR 0055] [WAREHOUSE-2] DOCK_BUSY dock=0 FREE
[HOUR 0055] [WAREHOUSE-3] QUEUE length=0 trucks=[]
[HOUR 0055] [WAREHOUSE-3] DOCK_BUSY dock=0 FREE dock=1 FREE
[HOUR 0055] [WAREHOUSE-4] QUEUE length=0 trucks=[]
[HOUR 0055] [WAREHOUSE-4] DOCK_BUSY dock=0 FREE dock=1 FREE
[HOUR 0055] [TRUCK-0] IDLE manifest_remaining=0 cargo=0
[HOUR 0055] [TRUCK-1] IDLE manifest_remaining=0 cargo=0
[HOUR 0055] [TRUCK-2] MOVING pos=(73.30,51.03) dest=(76.20,99.80) dist=48.86
[HOUR 0056] [WAREHOUSE-0] QUEUE length=0 trucks=[]
[HOUR 0056] [WAREHOUSE-0] DOCK_BUSY dock=0 FREE dock=1 FREE dock=2 FREE
[HOUR 0056] [WAREHOUSE-1] QUEUE length=0 trucks=[]
[HOUR 0056] [WAREHOUSE-1] DOCK_BUSY dock=0 FREE dock=1 FREE dock=2 FREE
[HOUR 0056] [WAREHOUSE-2] QUEUE length=0 trucks=[]
[HOUR 0056] [WAREHOUSE-2] DOCK_BUSY dock=0 FREE
[HOUR 0056] [WAREHOUSE-3] QUEUE length=0 trucks=[]
[HOUR 0056] [WAREHOUSE-3] DOCK_BUSY dock=0 FREE dock=1 FREE
[HOUR 0056] [WAREHOUSE-4] QUEUE length=0 trucks=[]
[HOUR 0056] [WAREHOUSE-4] DOCK_BUSY dock=0 FREE dock=1 FREE
[HOUR 0056] [TRUCK-0] IDLE manifest_remaining=0 cargo=0
[HOUR 0056] [TRUCK-1] IDLE manifest_remaining=0 cargo=0
[HOUR 0056] [TRUCK-2] MOVING pos=(73.41,53.02) dest=(76.20,99.80) dist=46.86
[HOUR 0057] [WAREHOUSE-0] QUEUE length=0 trucks=[]
[HOUR 0057] [WAREHOUSE-0] DOCK_BUSY dock=0 FREE dock=1 FREE dock=2 FREE
[HOUR 0057] [WAREHOUSE-1] QUEUE length=0 trucks=[]
[HOUR 0057] [WAREHOUSE-1] DOCK_BUSY dock=0 FREE dock=1 FREE dock=2 FREE
[HOUR 0057] [WAREHOUSE-2] QUEUE length=0 trucks=[]
[HOUR 0057] [WAREHOUSE-2] DOCK_BUSY dock=0 FREE
[HOUR 0057] [WAREHOUSE-3] QUEUE length=0 trucks=[]
[HOUR 0057] [WAREHOUSE-3] DOCK_BUSY dock=0 FREE dock=1 FREE
[HOUR 0057] [WAREHOUSE-4] QUEUE length=0 trucks=[]
[HOUR 0057] [WAREHOUSE-4] DOCK_BUSY dock=0 FREE dock=1 FREE
[HOUR 0057] [TRUCK-0] IDLE manifest_remaining=0 cargo=0
[HOUR 0057] [TRUCK-1] IDLE manifest_remaining=0 cargo=0
[HOUR 0057] [TRUCK-2] MOVING pos=(73.53,55.02) dest=(76.20,99.80) dist=44.86
[HOUR 0058] [WAREHOUSE-0] QUEUE length=0 trucks=[]
[HOUR 0058] [WAREHOUSE-0] DOCK_BUSY dock=0 FREE dock=1 FREE dock=2 FREE
[HOUR 0058] [WAREHOUSE-1] QUEUE length=0 trucks=[]
[HOUR 0058] [WAREHOUSE-1] DOCK_BUSY dock=0 FREE dock=1 FREE dock=2 FREE
[HOUR 0058] [WAREHOUSE-2] QUEUE length=0 trucks=[]
[HOUR 0058] [WAREHOUSE-2] DOCK_BUSY dock=0 FREE
[HOUR 0058] [WAREHOUSE-3] QUEUE length=0 trucks=[]
[HOUR 0058] [WAREHOUSE-3] DOCK_BUSY dock=0 FREE dock=1 FREE
[HOUR 0058] [WAREHOUSE-4] QUEUE length=0 trucks=[]
[HOUR 0058] [WAREHOUSE-4] DOCK_BUSY dock=0 FREE dock=1 FREE
[HOUR 0058] [TRUCK-0] IDLE manifest_remaining=0 cargo=0
[HOUR 0058] [TRUCK-1] IDLE manifest_remaining=0 cargo=0
[HOUR 0058] [TRUCK-2] MOVING pos=(73.65,57.02) dest=(76.20,99.80) dist=42.86
[HOUR 0059] [WAREHOUSE-0] QUEUE length=0 trucks=[]
[HOUR 0059] [WAREHOUSE-0] DOCK_BUSY dock=0 FREE dock=1 FREE dock=2 FREE
[HOUR 0059] [WAREHOUSE-1] QUEUE length=0 trucks=[]
[HOUR 0059] [WAREHOUSE-1] DOCK_BUSY dock=0 FREE dock=1 FREE dock=2 FREE
[HOUR 0059] [WAREHOUSE-2] QUEUE length=0 trucks=[]
[HOUR 0059] [WAREHOUSE-2] DOCK_BUSY dock=0 FREE
[HOUR 0059] [WAREHOUSE-3] QUEUE length=0 trucks=[]
[HOUR 0059] [WAREHOUSE-3] DOCK_BUSY dock=0 FREE dock=1 FREE
[HOUR 0059] [WAREHOUSE-4] QUEUE length=0 trucks=[]
[HOUR 0059] [WAREHOUSE-4] DOCK_BUSY dock=0 FREE dock=1 FREE
[HOUR 0059] [TRUCK-0] IDLE manifest_remaining=0 cargo=0
[HOUR 0059] [TRUCK-1] IDLE manifest_remaining=0 cargo=0
[HOUR 0059] [TRUCK-2] MOVING pos=(73.77,59.01) dest=(76.20,99.80) dist=40.86
[HOUR 0060] [WAREHOUSE-0] QUEUE length=0 trucks=[]
[HOUR 0060] [WAREHOUSE-0] DOCK_BUSY dock=0 FREE dock=1 FREE dock=2 FREE
[HOUR 0060] [WAREHOUSE-1] QUEUE length=0 trucks=[]
[HOUR 0060] [WAREHOUSE-1] DOCK_BUSY dock=0 FREE dock=1 FREE dock=2 FREE
[HOUR 0060] [WAREHOUSE-2] QUEUE length=0 trucks=[]
[HOUR 0060] [WAREHOUSE-2] DOCK_BUSY dock=0 FREE
[HOUR 0060] [WAREHOUSE-3] QUEUE length=0 trucks=[]
[HOUR 0060] [WAREHOUSE-3] DOCK_BUSY dock=0 FREE dock=1 FREE
[HOUR 0060] [WAREHOUSE-4] QUEUE length=0 trucks=[]
[HOUR 0060] [WAREHOUSE-4] DOCK_BUSY dock=0 FREE dock=1 FREE
[HOUR 0060] [TRUCK-0] IDLE manifest_remaining=0 cargo=0
[HOUR 0060] [TRUCK-1] IDLE manifest_remaining=0 cargo=0
[HOUR 0060] [TRUCK-2] MOVING pos=(73.89,61.01) dest=(76.20,99.80) dist=38.86
[HOUR 0061] [WAREHOUSE-0] QUEUE length=0 trucks=[]
[HOUR 0061] [WAREHOUSE-0] DOCK_BUSY dock=0 FREE dock=1 FREE dock=2 FREE
[HOUR 0061] [WAREHOUSE-1] QUEUE length=0 trucks=[]
[HOUR 0061] [WAREHOUSE-1] DOCK_BUSY dock=0 FREE dock=1 FREE dock=2 FREE
[HOUR 0061] [WAREHOUSE-2] QUEUE length=0 trucks=[]
[HOUR 0061] [WAREHOUSE-2] DOCK_BUSY dock=0 FREE
[HOUR 0061] [WAREHOUSE-3] QUEUE length=0 trucks=[]
[HOUR 0061] [WAREHOUSE-3] DOCK_BUSY dock=0 FREE dock=1 FREE
[HOUR 0061] [WAREHOUSE-4] QUEUE length=0 trucks=[]
[HOUR 0061] [WAREHOUSE-4] DOCK_BUSY dock=0 FREE dock=1 FREE
[HOUR 0061] [TRUCK-0] IDLE manifest_remaining=0 cargo=0
[HOUR 0061] [TRUCK-1] IDLE manifest_remaining=0 cargo=0
[HOUR 0061] [TRUCK-2] MOVING pos=(74.01,63.00) dest=(76.20,99.80) dist=36.86
[HOUR 0062] [WAREHOUSE-0] QUEUE length=0 trucks=[]
[HOUR 0062] [WAREHOUSE-0] DOCK_BUSY dock=0 FREE dock=1 FREE dock=2 FREE
[HOUR 0062] [WAREHOUSE-1] QUEUE length=0 trucks=[]
[HOUR 0062] [WAREHOUSE-1] DOCK_BUSY dock=0 FREE dock=1 FREE dock=2 FREE
[HOUR 0062] [WAREHOUSE-2] QUEUE length=0 trucks=[]
[HOUR 0062] [WAREHOUSE-2] DOCK_BUSY dock=0 FREE
[HOUR 0062] [WAREHOUSE-3] QUEUE length=0 trucks=[]
[HOUR 0062] [WAREHOUSE-3] DOCK_BUSY dock=0 FREE dock=1 FREE
[HOUR 0062] [WAREHOUSE-4] QUEUE length=0 trucks=[]
[HOUR 0062] [WAREHOUSE-4] DOCK_BUSY dock=0 FREE dock=1 FREE
[HOUR 0062] [TRUCK-0] IDLE manifest_remaining=0 cargo=0
[HOUR 0062] [TRUCK-1] IDLE manifest_remaining=0 cargo=0
[HOUR 0062] [TRUCK-2] MOVING pos=(74.13,65.00) dest=(76.20,99.80) dist=34.86
[HOUR 0063] [WAREHOUSE-0] QUEUE length=0 trucks=[]
[HOUR 0063] [WAREHOUSE-0] DOCK_BUSY dock=0 FREE dock=1 FREE dock=2 FREE
[HOUR 0063] [WAREHOUSE-1] QUEUE length=0 trucks=[]
[HOUR 0063] [WAREHOUSE-1] DOCK_BUSY dock=0 FREE dock=1 FREE dock=2 FREE
[HOUR 0063] [WAREHOUSE-2] QUEUE length=0 trucks=[]
[HOUR 0063] [WAREHOUSE-2] DOCK_BUSY dock=0 FREE
[HOUR 0063] [WAREHOUSE-3] QUEUE length=0 trucks=[]
[HOUR 0063] [WAREHOUSE-3] DOCK_BUSY dock=0 FREE dock=1 FREE
[HOUR 0063] [WAREHOUSE-4] QUEUE length=0 trucks=[]
[HOUR 0063] [WAREHOUSE-4] DOCK_BUSY dock=0 FREE dock=1 FREE
[HOUR 0063] [TRUCK-0] IDLE manifest_remaining=0 cargo=0
[HOUR 0063] [TRUCK-1] IDLE manifest_remaining=0 cargo=0
[HOUR 0063] [TRUCK-2] MOVING pos=(74.25,67.00) dest=(76.20,99.80) dist=32.86
[HOUR 0064] [WAREHOUSE-0] QUEUE length=0 trucks=[]
[HOUR 0064] [WAREHOUSE-0] DOCK_BUSY dock=0 FREE dock=1 FREE dock=2 FREE
[HOUR 0064] [WAREHOUSE-1] QUEUE length=0 trucks=[]
[HOUR 0064] [WAREHOUSE-1] DOCK_BUSY dock=0 FREE dock=1 FREE dock=2 FREE
[HOUR 0064] [WAREHOUSE-2] QUEUE length=0 trucks=[]
[HOUR 0064] [WAREHOUSE-2] DOCK_BUSY dock=0 FREE
[HOUR 0064] [WAREHOUSE-3] QUEUE length=0 trucks=[]
[HOUR 0064] [WAREHOUSE-3] DOCK_BUSY dock=0 FREE dock=1 FREE
[HOUR 0064] [WAREHOUSE-4] QUEUE length=0 trucks=[]
[HOUR 0064] [WAREHOUSE-4] DOCK_BUSY dock=0 FREE dock=1 FREE
[HOUR 0064] [TRUCK-0] IDLE manifest_remaining=0 cargo=0
[HOUR 0064] [TRUCK-1] IDLE manifest_remaining=0 cargo=0
[HOUR 0064] [TRUCK-2] MOVING pos=(74.37,68.99) dest=(76.20,99.80) dist=30.86
[HOUR 0065] [WAREHOUSE-0] QUEUE length=0 trucks=[]
[HOUR 0065] [WAREHOUSE-0] DOCK_BUSY dock=0 FREE dock=1 FREE dock=2 FREE
[HOUR 0065] [WAREHOUSE-1] QUEUE length=0 trucks=[]
[HOUR 0065] [WAREHOUSE-1] DOCK_BUSY dock=0 FREE dock=1 FREE dock=2 FREE
[HOUR 0065] [WAREHOUSE-2] QUEUE length=0 trucks=[]
[HOUR 0065] [WAREHOUSE-2] DOCK_BUSY dock=0 FREE
[HOUR 0065] [WAREHOUSE-3] QUEUE length=0 trucks=[]
[HOUR 0065] [WAREHOUSE-3] DOCK_BUSY dock=0 FREE dock=1 FREE
[HOUR 0065] [WAREHOUSE-4] QUEUE length=0 trucks=[]
[HOUR 0065] [WAREHOUSE-4] DOCK_BUSY dock=0 FREE dock=1 FREE
[HOUR 0065] [TRUCK-0] IDLE manifest_remaining=0 cargo=0
[HOUR 0065] [TRUCK-1] IDLE manifest_remaining=0 cargo=0
[HOUR 0065] [TRUCK-2] MOVING pos=(74.48,70.99) dest=(76.20,99.80) dist=28.86
[HOUR 0066] [WAREHOUSE-0] QUEUE length=0 trucks=[]
[HOUR 0066] [WAREHOUSE-0] DOCK_BUSY dock=0 FREE dock=1 FREE dock=2 FREE
[HOUR 0066] [WAREHOUSE-1] QUEUE length=0 trucks=[]
[HOUR 0066] [WAREHOUSE-1] DOCK_BUSY dock=0 FREE dock=1 FREE dock=2 FREE
[HOUR 0066] [WAREHOUSE-2] QUEUE length=0 trucks=[]
[HOUR 0066] [WAREHOUSE-2] DOCK_BUSY dock=0 FREE
[HOUR 0066] [WAREHOUSE-3] QUEUE length=0 trucks=[]
[HOUR 0066] [WAREHOUSE-3] DOCK_BUSY dock=0 FREE dock=1 FREE
[HOUR 0066] [WAREHOUSE-4] QUEUE length=0 trucks=[]
[HOUR 0066] [WAREHOUSE-4] DOCK_BUSY dock=0 FREE dock=1 FREE
[HOUR 0066] [TRUCK-0] IDLE manifest_remaining=0 cargo=0
[HOUR 0066] [TRUCK-1] IDLE manifest_remaining=0 cargo=0
[HOUR 0066] [TRUCK-2] MOVING pos=(74.60,72.99) dest=(76.20,99.80) dist=26.86
[HOUR 0067] [WAREHOUSE-0] QUEUE length=0 trucks=[]
[HOUR 0067] [WAREHOUSE-0] DOCK_BUSY dock=0 FREE dock=1 FREE dock=2 FREE
[HOUR 0067] [WAREHOUSE-1] QUEUE length=0 trucks=[]
[HOUR 0067] [WAREHOUSE-1] DOCK_BUSY dock=0 FREE dock=1 FREE dock=2 FREE
[HOUR 0067] [WAREHOUSE-2] QUEUE length=0 trucks=[]
[HOUR 0067] [WAREHOUSE-2] DOCK_BUSY dock=0 FREE
[HOUR 0067] [WAREHOUSE-3] QUEUE length=0 trucks=[]
[HOUR 0067] [WAREHOUSE-3] DOCK_BUSY dock=0 FREE dock=1 FREE
[HOUR 0067] [WAREHOUSE-4] QUEUE length=0 trucks=[]
[HOUR 0067] [WAREHOUSE-4] DOCK_BUSY dock=0 FREE dock=1 FREE
[HOUR 0067] [TRUCK-0] IDLE manifest_remaining=0 cargo=0
[HOUR 0067] [TRUCK-1] IDLE manifest_remaining=0 cargo=0
[HOUR 0067] [TRUCK-2] MOVING pos=(74.72,74.98) dest=(76.20,99.80) dist=24.86
[HOUR 0068] [WAREHOUSE-0] QUEUE length=0 trucks=[]
[HOUR 0068] [WAREHOUSE-0] DOCK_BUSY dock=0 FREE dock=1 FREE dock=2 FREE
[HOUR 0068] [WAREHOUSE-1] QUEUE length=0 trucks=[]
[HOUR 0068] [WAREHOUSE-1] DOCK_BUSY dock=0 FREE dock=1 FREE dock=2 FREE
[HOUR 0068] [WAREHOUSE-2] QUEUE length=0 trucks=[]
[HOUR 0068] [WAREHOUSE-2] DOCK_BUSY dock=0 FREE
[HOUR 0068] [WAREHOUSE-3] QUEUE length=0 trucks=[]
[HOUR 0068] [WAREHOUSE-3] DOCK_BUSY dock=0 FREE dock=1 FREE
[HOUR 0068] [WAREHOUSE-4] QUEUE length=0 trucks=[]
[HOUR 0068] [WAREHOUSE-4] DOCK_BUSY dock=0 FREE dock=1 FREE
[HOUR 0068] [TRUCK-0] IDLE manifest_remaining=0 cargo=0
[HOUR 0068] [TRUCK-1] IDLE manifest_remaining=0 cargo=0
[HOUR 0068] [TRUCK-2] MOVING pos=(74.84,76.98) dest=(76.20,99.80) dist=22.86
[HOUR 0069] [WAREHOUSE-0] QUEUE length=0 trucks=[]
[HOUR 0069] [WAREHOUSE-0] DOCK_BUSY dock=0 FREE dock=1 FREE dock=2 FREE
[HOUR 0069] [WAREHOUSE-1] QUEUE length=0 trucks=[]
[HOUR 0069] [WAREHOUSE-1] DOCK_BUSY dock=0 FREE dock=1 FREE dock=2 FREE
[HOUR 0069] [WAREHOUSE-2] QUEUE length=0 trucks=[]
[HOUR 0069] [WAREHOUSE-2] DOCK_BUSY dock=0 FREE
[HOUR 0069] [WAREHOUSE-3] QUEUE length=0 trucks=[]
[HOUR 0069] [WAREHOUSE-3] DOCK_BUSY dock=0 FREE dock=1 FREE
[HOUR 0069] [WAREHOUSE-4] QUEUE length=0 trucks=[]
[HOUR 0069] [WAREHOUSE-4] DOCK_BUSY dock=0 FREE dock=1 FREE
[HOUR 0069] [TRUCK-0] IDLE manifest_remaining=0 cargo=0
[HOUR 0069] [TRUCK-1] IDLE manifest_remaining=0 cargo=0
[HOUR 0069] [TRUCK-2] MOVING pos=(74.96,78.98) dest=(76.20,99.80) dist=20.86
[HOUR 0070] [WAREHOUSE-0] QUEUE length=0 trucks=[]
[HOUR 0070] [WAREHOUSE-0] DOCK_BUSY dock=0 FREE dock=1 FREE dock=2 FREE
[HOUR 0070] [WAREHOUSE-1] QUEUE length=0 trucks=[]
[HOUR 0070] [WAREHOUSE-1] DOCK_BUSY dock=0 FREE dock=1 FREE dock=2 FREE
[HOUR 0070] [WAREHOUSE-2] QUEUE length=0 trucks=[]
[HOUR 0070] [WAREHOUSE-2] DOCK_BUSY dock=0 FREE
[HOUR 0070] [WAREHOUSE-3] QUEUE length=0 trucks=[]
[HOUR 0070] [WAREHOUSE-3] DOCK_BUSY dock=0 FREE dock=1 FREE
[HOUR 0070] [WAREHOUSE-4] QUEUE length=0 trucks=[]
[HOUR 0070] [WAREHOUSE-4] DOCK_BUSY dock=0 FREE dock=1 FREE
[HOUR 0070] [TRUCK-0] IDLE manifest_remaining=0 cargo=0
[HOUR 0070] [TRUCK-1] IDLE manifest_remaining=0 cargo=0
[HOUR 0070] [TRUCK-2] MOVING pos=(75.08,80.97) dest=(76.20,99.80) dist=18.86
[HOUR 0071] [WAREHOUSE-0] QUEUE length=0 trucks=[]
[HOUR 0071] [WAREHOUSE-0] DOCK_BUSY dock=0 FREE dock=1 FREE dock=2 FREE
[HOUR 0071] [WAREHOUSE-1] QUEUE length=0 trucks=[]
[HOUR 0071] [WAREHOUSE-1] DOCK_BUSY dock=0 FREE dock=1 FREE dock=2 FREE
[HOUR 0071] [WAREHOUSE-2] QUEUE length=0 trucks=[]
[HOUR 0071] [WAREHOUSE-2] DOCK_BUSY dock=0 FREE
[HOUR 0071] [WAREHOUSE-3] QUEUE length=0 trucks=[]
[HOUR 0071] [WAREHOUSE-3] DOCK_BUSY dock=0 FREE dock=1 FREE
[HOUR 0071] [WAREHOUSE-4] QUEUE length=0 trucks=[]
[HOUR 0071] [WAREHOUSE-4] DOCK_BUSY dock=0 FREE dock=1 FREE
[HOUR 0071] [TRUCK-0] IDLE manifest_remaining=0 cargo=0
[HOUR 0071] [TRUCK-1] IDLE manifest_remaining=0 cargo=0
[HOUR 0071] [TRUCK-2] MOVING pos=(75.20,82.97) dest=(76.20,99.80) dist=16.86
[HOUR 0072] [WAREHOUSE-0] QUEUE length=0 trucks=[]
[HOUR 0072] [WAREHOUSE-0] DOCK_BUSY dock=0 FREE dock=1 FREE dock=2 FREE
[HOUR 0072] [WAREHOUSE-1] QUEUE length=0 trucks=[]
[HOUR 0072] [WAREHOUSE-1] DOCK_BUSY dock=0 FREE dock=1 FREE dock=2 FREE
[HOUR 0072] [WAREHOUSE-2] QUEUE length=0 trucks=[]
[HOUR 0072] [WAREHOUSE-2] DOCK_BUSY dock=0 FREE
[HOUR 0072] [WAREHOUSE-3] QUEUE length=0 trucks=[]
[HOUR 0072] [WAREHOUSE-3] DOCK_BUSY dock=0 FREE dock=1 FREE
[HOUR 0072] [WAREHOUSE-4] QUEUE length=0 trucks=[]
[HOUR 0072] [WAREHOUSE-4] DOCK_BUSY dock=0 FREE dock=1 FREE
[HOUR 0072] [TRUCK-0] IDLE manifest_remaining=0 cargo=0
[HOUR 0072] [TRUCK-1] IDLE manifest_remaining=0 cargo=0
[HOUR 0072] [TRUCK-2] MOVING pos=(75.32,84.97) dest=(76.20,99.80) dist=14.86
[HOUR 0073] [WAREHOUSE-0] QUEUE length=0 trucks=[]
[HOUR 0073] [WAREHOUSE-0] DOCK_BUSY dock=0 FREE dock=1 FREE dock=2 FREE
[HOUR 0073] [WAREHOUSE-1] QUEUE length=0 trucks=[]
[HOUR 0073] [WAREHOUSE-1] DOCK_BUSY dock=0 FREE dock=1 FREE dock=2 FREE
[HOUR 0073] [WAREHOUSE-2] QUEUE length=0 trucks=[]
[HOUR 0073] [WAREHOUSE-2] DOCK_BUSY dock=0 FREE
[HOUR 0073] [WAREHOUSE-3] QUEUE length=0 trucks=[]
[HOUR 0073] [WAREHOUSE-3] DOCK_BUSY dock=0 FREE dock=1 FREE
[HOUR 0073] [WAREHOUSE-4] QUEUE length=0 trucks=[]
[HOUR 0073] [WAREHOUSE-4] DOCK_BUSY dock=0 FREE dock=1 FREE
[HOUR 0073] [TRUCK-0] IDLE manifest_remaining=0 cargo=0
[HOUR 0073] [TRUCK-1] IDLE manifest_remaining=0 cargo=0
[HOUR 0073] [TRUCK-2] MOVING pos=(75.44,86.96) dest=(76.20,99.80) dist=12.86
[HOUR 0074] [WAREHOUSE-0] QUEUE length=0 trucks=[]
[HOUR 0074] [WAREHOUSE-0] DOCK_BUSY dock=0 FREE dock=1 FREE dock=2 FREE
[HOUR 0074] [WAREHOUSE-1] QUEUE length=0 trucks=[]
[HOUR 0074] [WAREHOUSE-1] DOCK_BUSY dock=0 FREE dock=1 FREE dock=2 FREE
[HOUR 0074] [WAREHOUSE-2] QUEUE length=0 trucks=[]
[HOUR 0074] [WAREHOUSE-2] DOCK_BUSY dock=0 FREE
[HOUR 0074] [WAREHOUSE-3] QUEUE length=0 trucks=[]
[HOUR 0074] [WAREHOUSE-3] DOCK_BUSY dock=0 FREE dock=1 FREE
[HOUR 0074] [WAREHOUSE-4] QUEUE length=0 trucks=[]
[HOUR 0074] [WAREHOUSE-4] DOCK_BUSY dock=0 FREE dock=1 FREE
[HOUR 0074] [TRUCK-0] IDLE manifest_remaining=0 cargo=0
[HOUR 0074] [TRUCK-1] IDLE manifest_remaining=0 cargo=0
[HOUR 0074] [TRUCK-2] MOVING pos=(75.55,88.96) dest=(76.20,99.80) dist=10.86
[HOUR 0075] [WAREHOUSE-0] QUEUE length=0 trucks=[]
[HOUR 0075] [WAREHOUSE-0] DOCK_BUSY dock=0 FREE dock=1 FREE dock=2 FREE
[HOUR 0075] [WAREHOUSE-1] QUEUE length=0 trucks=[]
[HOUR 0075] [WAREHOUSE-1] DOCK_BUSY dock=0 FREE dock=1 FREE dock=2 FREE
[HOUR 0075] [WAREHOUSE-2] QUEUE length=0 trucks=[]
[HOUR 0075] [WAREHOUSE-2] DOCK_BUSY dock=0 FREE
[HOUR 0075] [WAREHOUSE-3] QUEUE length=0 trucks=[]
[HOUR 0075] [WAREHOUSE-3] DOCK_BUSY dock=0 FREE dock=1 FREE
[HOUR 0075] [WAREHOUSE-4] QUEUE length=0 trucks=[]
[HOUR 0075] [WAREHOUSE-4] DOCK_BUSY dock=0 FREE dock=1 FREE
[HOUR 0075] [TRUCK-0] IDLE manifest_remaining=0 cargo=0
[HOUR 0075] [TRUCK-1] IDLE manifest_remaining=0 cargo=0
[HOUR 0075] [TRUCK-2] MOVING pos=(75.67,90.96) dest=(76.20,99.80) dist=8.86
[HOUR 0076] [WAREHOUSE-0] QUEUE length=0 trucks=[]
[HOUR 0076] [WAREHOUSE-0] DOCK_BUSY dock=0 FREE dock=1 FREE dock=2 FREE
[HOUR 0076] [WAREHOUSE-1] QUEUE length=0 trucks=[]
[HOUR 0076] [WAREHOUSE-1] DOCK_BUSY dock=0 FREE dock=1 FREE dock=2 FREE
[HOUR 0076] [WAREHOUSE-2] QUEUE length=0 trucks=[]
[HOUR 0076] [WAREHOUSE-2] DOCK_BUSY dock=0 FREE
[HOUR 0076] [WAREHOUSE-3] QUEUE length=0 trucks=[]
[HOUR 0076] [WAREHOUSE-3] DOCK_BUSY dock=0 FREE dock=1 FREE
[HOUR 0076] [WAREHOUSE-4] QUEUE length=0 trucks=[]
[HOUR 0076] [WAREHOUSE-4] DOCK_BUSY dock=0 FREE dock=1 FREE
[HOUR 0076] [TRUCK-0] IDLE manifest_remaining=0 cargo=0
[HOUR 0076] [TRUCK-1] IDLE manifest_remaining=0 cargo=0
[HOUR 0076] [TRUCK-2] MOVING pos=(75.79,92.95) dest=(76.20,99.80) dist=6.86
[HOUR 0077] [WAREHOUSE-0] QUEUE length=0 trucks=[]
[HOUR 0077] [WAREHOUSE-0] DOCK_BUSY dock=0 FREE dock=1 FREE dock=2 FREE
[HOUR 0077] [WAREHOUSE-1] QUEUE length=0 trucks=[]
[HOUR 0077] [WAREHOUSE-1] DOCK_BUSY dock=0 FREE dock=1 FREE dock=2 FREE
[HOUR 0077] [WAREHOUSE-2] QUEUE length=0 trucks=[]
[HOUR 0077] [WAREHOUSE-2] DOCK_BUSY dock=0 FREE
[HOUR 0077] [WAREHOUSE-3] QUEUE length=0 trucks=[]
[HOUR 0077] [WAREHOUSE-3] DOCK_BUSY dock=0 FREE dock=1 FREE
[HOUR 0077] [WAREHOUSE-4] QUEUE length=0 trucks=[]
[HOUR 0077] [WAREHOUSE-4] DOCK_BUSY dock=0 FREE dock=1 FREE
[HOUR 0077] [TRUCK-0] IDLE manifest_remaining=0 cargo=0
[HOUR 0077] [TRUCK-1] IDLE manifest_remaining=0 cargo=0
[HOUR 0077] [TRUCK-2] MOVING pos=(75.91,94.95) dest=(76.20,99.80) dist=4.86
[HOUR 0078] [WAREHOUSE-0] QUEUE length=0 trucks=[]
[HOUR 0078] [WAREHOUSE-0] DOCK_BUSY dock=0 FREE dock=1 FREE dock=2 FREE
[HOUR 0078] [WAREHOUSE-1] QUEUE length=0 trucks=[]
[HOUR 0078] [WAREHOUSE-1] DOCK_BUSY dock=0 FREE dock=1 FREE dock=2 FREE
[HOUR 0078] [WAREHOUSE-2] QUEUE length=0 trucks=[]
[HOUR 0078] [WAREHOUSE-2] DOCK_BUSY dock=0 FREE
[HOUR 0078] [WAREHOUSE-3] QUEUE length=0 trucks=[]
[HOUR 0078] [WAREHOUSE-3] DOCK_BUSY dock=0 FREE dock=1 FREE
[HOUR 0078] [WAREHOUSE-4] QUEUE length=0 trucks=[]
[HOUR 0078] [WAREHOUSE-4] DOCK_BUSY dock=0 FREE dock=1 FREE
[HOUR 0078] [TRUCK-0] IDLE manifest_remaining=0 cargo=0
[HOUR 0078] [TRUCK-1] IDLE manifest_remaining=0 cargo=0
[HOUR 0078] [TRUCK-2] MOVING pos=(76.03,96.94) dest=(76.20,99.80) dist=2.86
[HOUR 0079] [WAREHOUSE-0] QUEUE length=0 trucks=[]
[HOUR 0079] [WAREHOUSE-0] DOCK_BUSY dock=0 FREE dock=1 FREE dock=2 FREE
[HOUR 0079] [WAREHOUSE-1] QUEUE length=0 trucks=[]
[HOUR 0079] [WAREHOUSE-1] DOCK_BUSY dock=0 FREE dock=1 FREE dock=2 FREE
[HOUR 0079] [WAREHOUSE-2] QUEUE length=0 trucks=[]
[HOUR 0079] [WAREHOUSE-2] DOCK_BUSY dock=0 FREE
[HOUR 0079] [WAREHOUSE-3] QUEUE length=0 trucks=[]
[HOUR 0079] [WAREHOUSE-3] DOCK_BUSY dock=0 FREE dock=1 FREE
[HOUR 0079] [WAREHOUSE-4] QUEUE length=0 trucks=[]
[HOUR 0079] [WAREHOUSE-4] DOCK_BUSY dock=0 FREE dock=1 FREE
[HOUR 0079] [TRUCK-0] IDLE manifest_remaining=0 cargo=0
[HOUR 0079] [TRUCK-1] IDLE manifest_remaining=0 cargo=0
[HOUR 0079] [TRUCK-2] MOVING pos=(76.15,98.94) dest=(76.20,99.80) dist=0.86
[HOUR 0080] [WAREHOUSE-0] QUEUE length=0 trucks=[]
[HOUR 0080] [WAREHOUSE-0] DOCK_BUSY dock=0 FREE dock=1 FREE dock=2 FREE
[HOUR 0080] [WAREHOUSE-1] QUEUE length=0 trucks=[]
[HOUR 0080] [WAREHOUSE-1] DOCK_BUSY dock=0 FREE dock=1 FREE dock=2 FREE
[HOUR 0080] [WAREHOUSE-2] QUEUE length=0 trucks=[]
[HOUR 0080] [WAREHOUSE-2] DOCK_BUSY dock=0 FREE
[HOUR 0080] [WAREHOUSE-3] QUEUE length=0 trucks=[]
[HOUR 0080] [WAREHOUSE-3] DOCK_BUSY dock=0 FREE dock=1 FREE
[HOUR 0080] [WAREHOUSE-4] QUEUE length=0 trucks=[]
[HOUR 0080] [WAREHOUSE-4] DOCK_BUSY dock=0 FREE dock=1 FREE
[HOUR 0080] [TRUCK-0] IDLE manifest_remaining=0 cargo=0
[HOUR 0080] [TRUCK-1] IDLE manifest_remaining=0 cargo=0
[HOUR 0080] [TRUCK-2] WAITING pos=(76.20,99.80)
[HOUR 0081] [WAREHOUSE-0] QUEUE length=0 trucks=[]
[HOUR 0081] [WAREHOUSE-0] DOCK_BUSY dock=0 FREE dock=1 FREE dock=2 FREE
[HOUR 0081] [WAREHOUSE-1] QUEUE length=0 trucks=[]
[HOUR 0081] [WAREHOUSE-1] DOCK_BUSY dock=0 FREE dock=1 FREE dock=2 FREE
[HOUR 0081] [WAREHOUSE-2] QUEUE length=0 trucks=[]
[HOUR 0081] [WAREHOUSE-2] DOCK_BUSY dock=0 FREE
[HOUR 0081] [WAREHOUSE-3] QUEUE length=0 trucks=[]
[HOUR 0081] [WAREHOUSE-3] DOCK_BUSY dock=0 truck=2 dock=1 FREE
[HOUR 0081] [WAREHOUSE-4] QUEUE length=0 trucks=[]
[HOUR 0081] [WAREHOUSE-4] DOCK_BUSY dock=0 FREE dock=1 FREE
[HOUR 0081] [TRUCK-0] IDLE manifest_remaining=0 cargo=0
[HOUR 0081] [TRUCK-1] IDLE manifest_remaining=0 cargo=0
[HOUR 0081] [TRUCK-2] LOADING dock=0 shipment=4 size=1 cargo=1/4
[HOUR 0081] [SHIPMENT-4] IN_TRANSIT truck=2 src=3 dst=2 size=1
[HOUR 0081] [TRUCK-2] MOVING pos=(76.20,99.80) dest=(36.90,27.60) dist=82.20
[HOUR 0082] [WAREHOUSE-0] QUEUE length=0 trucks=[]
[HOUR 0082] [WAREHOUSE-0] DOCK_BUSY dock=0 FREE dock=1 FREE dock=2 FREE
[HOUR 0082] [WAREHOUSE-1] QUEUE length=0 trucks=[]
[HOUR 0082] [WAREHOUSE-1] DOCK_BUSY dock=0 FREE dock=1 FREE dock=2 FREE
[HOUR 0082] [WAREHOUSE-2] QUEUE length=0 trucks=[]
[HOUR 0082] [WAREHOUSE-2] DOCK_BUSY dock=0 FREE
[HOUR 0082] [WAREHOUSE-3] QUEUE length=0 trucks=[]
[HOUR 0082] [WAREHOUSE-3] DOCK_BUSY dock=0 FREE dock=1 FREE
[HOUR 0082] [WAREHOUSE-4] QUEUE length=0 trucks=[]
[HOUR 0082] [WAREHOUSE-4] DOCK_BUSY dock=0 FREE dock=1 FREE
[HOUR 0082] [TRUCK-0] IDLE manifest_remaining=0 cargo=0
[HOUR 0082] [TRUCK-1] IDLE manifest_remaining=0 cargo=0
[HOUR 0082] [TRUCK-2] MOVING pos=(75.24,98.04) dest=(36.90,27.60) dist=80.20
[HOUR 0083] [WAREHOUSE-0] QUEUE length=0 trucks=[]
[HOUR 0083] [WAREHOUSE-0] DOCK_BUSY dock=0 FREE dock=1 FREE dock=2 FREE
[HOUR 0083] [WAREHOUSE-1] QUEUE length=0 trucks=[]
[HOUR 0083] [WAREHOUSE-1] DOCK_BUSY dock=0 FREE dock=1 FREE dock=2 FREE
[HOUR 0083] [WAREHOUSE-2] QUEUE length=0 trucks=[]
[HOUR 0083] [WAREHOUSE-2] DOCK_BUSY dock=0 FREE
[HOUR 0083] [WAREHOUSE-3] QUEUE length=0 trucks=[]
[HOUR 0083] [WAREHOUSE-3] DOCK_BUSY dock=0 FREE dock=1 FREE
[HOUR 0083] [WAREHOUSE-4] QUEUE length=0 trucks=[]
[HOUR 0083] [WAREHOUSE-4] DOCK_BUSY dock=0 FREE dock=1 FREE
[HOUR 0083] [TRUCK-0] IDLE manifest_remaining=0 cargo=0
[HOUR 0083] [TRUCK-1] IDLE manifest_remaining=0 cargo=0
[HOUR 0083] [TRUCK-2] MOVING pos=(74.29,96.29) dest=(36.90,27.60) dist=78.20
[HOUR 0084] [WAREHOUSE-0] QUEUE length=0 trucks=[]
[HOUR 0084] [WAREHOUSE-0] DOCK_BUSY dock=0 FREE dock=1 FREE dock=2 FREE
[HOUR 0084] [WAREHOUSE-1] QUEUE length=0 trucks=[]
[HOUR 0084] [WAREHOUSE-1] DOCK_BUSY dock=0 FREE dock=1 FREE dock=2 FREE
[HOUR 0084] [WAREHOUSE-2] QUEUE length=0 trucks=[]
[HOUR 0084] [WAREHOUSE-2] DOCK_BUSY dock=0 FREE
[HOUR 0084] [WAREHOUSE-3] QUEUE length=0 trucks=[]
[HOUR 0084] [WAREHOUSE-3] DOCK_BUSY dock=0 FREE dock=1 FREE
[HOUR 0084] [WAREHOUSE-4] QUEUE length=0 trucks=[]
[HOUR 0084] [WAREHOUSE-4] DOCK_BUSY dock=0 FREE dock=1 FREE
[HOUR 0084] [TRUCK-0] IDLE manifest_remaining=0 cargo=0
[HOUR 0084] [TRUCK-1] IDLE manifest_remaining=0 cargo=0
[HOUR 0084] [TRUCK-2] MOVING pos=(73.33,94.53) dest=(36.90,27.60) dist=76.20
[HOUR 0085] [WAREHOUSE-0] QUEUE length=0 trucks=[]
[HOUR 0085] [WAREHOUSE-0] DOCK_BUSY dock=0 FREE dock=1 FREE dock=2 FREE
[HOUR 0085] [WAREHOUSE-1] QUEUE length=0 trucks=[]
[HOUR 0085] [WAREHOUSE-1] DOCK_BUSY dock=0 FREE dock=1 FREE dock=2 FREE
[HOUR 0085] [WAREHOUSE-2] QUEUE length=0 trucks=[]
[HOUR 0085] [WAREHOUSE-2] DOCK_BUSY dock=0 FREE
[HOUR 0085] [WAREHOUSE-3] QUEUE length=0 trucks=[]
[HOUR 0085] [WAREHOUSE-3] DOCK_BUSY dock=0 FREE dock=1 FREE
[HOUR 0085] [WAREHOUSE-4] QUEUE length=0 trucks=[]
[HOUR 0085] [WAREHOUSE-4] DOCK_BUSY dock=0 FREE dock=1 FREE
[HOUR 0085] [TRUCK-0] IDLE manifest_remaining=0 cargo=0
[HOUR 0085] [TRUCK-1] IDLE manifest_remaining=0 cargo=0
[HOUR 0085] [TRUCK-2] MOVING pos=(72.38,92.77) dest=(36.90,27.60) dist=74.20
[HOUR 0086] [WAREHOUSE-0] QUEUE length=0 trucks=[]
[HOUR 0086] [WAREHOUSE-0] DOCK_BUSY dock=0 FREE dock=1 FREE dock=2 FREE
[HOUR 0086] [WAREHOUSE-1] QUEUE length=0 trucks=[]
[HOUR 0086] [WAREHOUSE-1] DOCK_BUSY dock=0 FREE dock=1 FREE dock=2 FREE
[HOUR 0086] [WAREHOUSE-2] QUEUE length=0 trucks=[]
[HOUR 0086] [WAREHOUSE-2] DOCK_BUSY dock=0 FREE
[HOUR 0086] [WAREHOUSE-3] QUEUE length=0 trucks=[]
[HOUR 0086] [WAREHOUSE-3] DOCK_BUSY dock=0 FREE dock=1 FREE
[HOUR 0086] [WAREHOUSE-4] QUEUE length=0 trucks=[]
[HOUR 0086] [WAREHOUSE-4] DOCK_BUSY dock=0 FREE dock=1 FREE
[HOUR 0086] [TRUCK-0] IDLE manifest_remaining=0 cargo=0
[HOUR 0086] [TRUCK-1] IDLE manifest_remaining=0 cargo=0
[HOUR 0086] [TRUCK-2] MOVING pos=(71.42,91.02) dest=(36.90,27.60) dist=72.20
[HOUR 0087] [WAREHOUSE-0] QUEUE length=0 trucks=[]
[HOUR 0087] [WAREHOUSE-0] DOCK_BUSY dock=0 FREE dock=1 FREE dock=2 FREE
[HOUR 0087] [WAREHOUSE-1] QUEUE length=0 trucks=[]
[HOUR 0087] [WAREHOUSE-1] DOCK_BUSY dock=0 FREE dock=1 FREE dock=2 FREE
[HOUR 0087] [WAREHOUSE-2] QUEUE length=0 trucks=[]
[HOUR 0087] [WAREHOUSE-2] DOCK_BUSY dock=0 FREE
[HOUR 0087] [WAREHOUSE-3] QUEUE length=0 trucks=[]
[HOUR 0087] [WAREHOUSE-3] DOCK_BUSY dock=0 FREE dock=1 FREE
[HOUR 0087] [WAREHOUSE-4] QUEUE length=0 trucks=[]
[HOUR 0087] [WAREHOUSE-4] DOCK_BUSY dock=0 FREE dock=1 FREE
[HOUR 0087] [TRUCK-0] IDLE manifest_remaining=0 cargo=0
[HOUR 0087] [TRUCK-1] IDLE manifest_remaining=0 cargo=0
[HOUR 0087] [TRUCK-2] MOVING pos=(70.46,89.26) dest=(36.90,27.60) dist=70.20
[HOUR 0088] [WAREHOUSE-0] QUEUE length=0 trucks=[]
[HOUR 0088] [WAREHOUSE-0] DOCK_BUSY dock=0 FREE dock=1 FREE dock=2 FREE
[HOUR 0088] [WAREHOUSE-1] QUEUE length=0 trucks=[]
[HOUR 0088] [WAREHOUSE-1] DOCK_BUSY dock=0 FREE dock=1 FREE dock=2 FREE
[HOUR 0088] [WAREHOUSE-2] QUEUE length=0 trucks=[]
[HOUR 0088] [WAREHOUSE-2] DOCK_BUSY dock=0 FREE
[HOUR 0088] [WAREHOUSE-3] QUEUE length=0 trucks=[]
[HOUR 0088] [WAREHOUSE-3] DOCK_BUSY dock=0 FREE dock=1 FREE
[HOUR 0088] [WAREHOUSE-4] QUEUE length=0 trucks=[]
[HOUR 0088] [WAREHOUSE-4] DOCK_BUSY dock=0 FREE dock=1 FREE
[HOUR 0088] [TRUCK-0] IDLE manifest_remaining=0 cargo=0
[HOUR 0088] [TRUCK-1] IDLE manifest_remaining=0 cargo=0
[HOUR 0088] [TRUCK-2] MOVING pos=(69.51,87.50) dest=(36.90,27.60) dist=68.20
[HOUR 0089] [WAREHOUSE-0] QUEUE length=0 trucks=[]
[HOUR 0089] [WAREHOUSE-0] DOCK_BUSY dock=0 FREE dock=1 FREE dock=2 FREE
[HOUR 0089] [WAREHOUSE-1] QUEUE length=0 trucks=[]
[HOUR 0089] [WAREHOUSE-1] DOCK_BUSY dock=0 FREE dock=1 FREE dock=2 FREE
[HOUR 0089] [WAREHOUSE-2] QUEUE length=0 trucks=[]
[HOUR 0089] [WAREHOUSE-2] DOCK_BUSY dock=0 FREE
[HOUR 0089] [WAREHOUSE-3] QUEUE length=0 trucks=[]
[HOUR 0089] [WAREHOUSE-3] DOCK_BUSY dock=0 FREE dock=1 FREE
[HOUR 0089] [WAREHOUSE-4] QUEUE length=0 trucks=[]
[HOUR 0089] [WAREHOUSE-4] DOCK_BUSY dock=0 FREE dock=1 FREE
[HOUR 0089] [TRUCK-0] IDLE manifest_remaining=0 cargo=0
[HOUR 0089] [TRUCK-1] IDLE manifest_remaining=0 cargo=0
[HOUR 0089] [TRUCK-2] MOVING pos=(68.55,85.75) dest=(36.90,27.60) dist=66.20
[HOUR 0090] [WAREHOUSE-0] QUEUE length=0 trucks=[]
[HOUR 0090] [WAREHOUSE-0] DOCK_BUSY dock=0 FREE dock=1 FREE dock=2 FREE
[HOUR 0090] [WAREHOUSE-1] QUEUE length=0 trucks=[]
[HOUR 0090] [WAREHOUSE-1] DOCK_BUSY dock=0 FREE dock=1 FREE dock=2 FREE
[HOUR 0090] [WAREHOUSE-2] QUEUE length=0 trucks=[]
[HOUR 0090] [WAREHOUSE-2] DOCK_BUSY dock=0 FREE
[HOUR 0090] [WAREHOUSE-3] QUEUE length=0 trucks=[]
[HOUR 0090] [WAREHOUSE-3] DOCK_BUSY dock=0 FREE dock=1 FREE
[HOUR 0090] [WAREHOUSE-4] QUEUE length=0 trucks=[]
[HOUR 0090] [WAREHOUSE-4] DOCK_BUSY dock=0 FREE dock=1 FREE
[HOUR 0090] [TRUCK-0] IDLE manifest_remaining=0 cargo=0
[HOUR 0090] [TRUCK-1] IDLE manifest_remaining=0 cargo=0
[HOUR 0090] [TRUCK-2] MOVING pos=(67.59,83.99) dest=(36.90,27.60) dist=64.20
[HOUR 0091] [WAREHOUSE-0] QUEUE length=0 trucks=[]
[HOUR 0091] [WAREHOUSE-0] DOCK_BUSY dock=0 FREE dock=1 FREE dock=2 FREE
[HOUR 0091] [WAREHOUSE-1] QUEUE length=0 trucks=[]
[HOUR 0091] [WAREHOUSE-1] DOCK_BUSY dock=0 FREE dock=1 FREE dock=2 FREE
[HOUR 0091] [WAREHOUSE-2] QUEUE length=0 trucks=[]
[HOUR 0091] [WAREHOUSE-2] DOCK_BUSY dock=0 FREE
[HOUR 0091] [WAREHOUSE-3] QUEUE length=0 trucks=[]
[HOUR 0091] [WAREHOUSE-3] DOCK_BUSY dock=0 FREE dock=1 FREE
[HOUR 0091] [WAREHOUSE-4] QUEUE length=0 trucks=[]
[HOUR 0091] [WAREHOUSE-4] DOCK_BUSY dock=0 FREE dock=1 FREE
[HOUR 0091] [TRUCK-0] IDLE manifest_remaining=0 cargo=0
[HOUR 0091] [TRUCK-1] IDLE manifest_remaining=0 cargo=0
[HOUR 0091] [TRUCK-2] MOVING pos=(66.64,82.23) dest=(36.90,27.60) dist=62.20
[HOUR 0092] [WAREHOUSE-0] QUEUE length=0 trucks=[]
[HOUR 0092] [WAREHOUSE-0] DOCK_BUSY dock=0 FREE dock=1 FREE dock=2 FREE
[HOUR 0092] [WAREHOUSE-1] QUEUE length=0 trucks=[]
[HOUR 0092] [WAREHOUSE-1] DOCK_BUSY dock=0 FREE dock=1 FREE dock=2 FREE
[HOUR 0092] [WAREHOUSE-2] QUEUE length=0 trucks=[]
[HOUR 0092] [WAREHOUSE-2] DOCK_BUSY dock=0 FREE
[HOUR 0092] [WAREHOUSE-3] QUEUE length=0 trucks=[]
[HOUR 0092] [WAREHOUSE-3] DOCK_BUSY dock=0 FREE dock=1 FREE
[HOUR 0092] [WAREHOUSE-4] QUEUE length=0 trucks=[]
[HOUR 0092] [WAREHOUSE-4] DOCK_BUSY dock=0 FREE dock=1 FREE
[HOUR 0092] [TRUCK-0] IDLE manifest_remaining=0 cargo=0
[HOUR 0092] [TRUCK-1] IDLE manifest_remaining=0 cargo=0
[HOUR 0092] [TRUCK-2] MOVING pos=(65.68,80.48) dest=(36.90,27.60) dist=60.20
[HOUR 0093] [WAREHOUSE-0] QUEUE length=0 trucks=[]
[HOUR 0093] [WAREHOUSE-0] DOCK_BUSY dock=0 FREE dock=1 FREE dock=2 FREE
[HOUR 0093] [WAREHOUSE-1] QUEUE length=0 trucks=[]
[HOUR 0093] [WAREHOUSE-1] DOCK_BUSY dock=0 FREE dock=1 FREE dock=2 FREE
[HOUR 0093] [WAREHOUSE-2] QUEUE length=0 trucks=[]
[HOUR 0093] [WAREHOUSE-2] DOCK_BUSY dock=0 FREE
[HOUR 0093] [WAREHOUSE-3] QUEUE length=0 trucks=[]
[HOUR 0093] [WAREHOUSE-3] DOCK_BUSY dock=0 FREE dock=1 FREE
[HOUR 0093] [WAREHOUSE-4] QUEUE length=0 trucks=[]
[HOUR 0093] [WAREHOUSE-4] DOCK_BUSY dock=0 FREE dock=1 FREE
[HOUR 0093] [TRUCK-0] IDLE manifest_remaining=0 cargo=0
[HOUR 0093] [TRUCK-1] IDLE manifest_remaining=0 cargo=0
[HOUR 0093] [TRUCK-2] MOVING pos=(64.73,78.72) dest=(36.90,27.60) dist=58.20
[HOUR 0094] [WAREHOUSE-0] QUEUE length=0 trucks=[]
[HOUR 0094] [WAREHOUSE-0] DOCK_BUSY dock=0 FREE dock=1 FREE dock=2 FREE
[HOUR 0094] [WAREHOUSE-1] QUEUE length=0 trucks=[]
[HOUR 0094] [WAREHOUSE-1] DOCK_BUSY dock=0 FREE dock=1 FREE dock=2 FREE
[HOUR 0094] [WAREHOUSE-2] QUEUE length=0 trucks=[]
[HOUR 0094] [WAREHOUSE-2] DOCK_BUSY dock=0 FREE
[HOUR 0094] [WAREHOUSE-3] QUEUE length=0 trucks=[]
[HOUR 0094] [WAREHOUSE-3] DOCK_BUSY dock=0 FREE dock=1 FREE
[HOUR 0094] [WAREHOUSE-4] QUEUE length=0 trucks=[]
[HOUR 0094] [WAREHOUSE-4] DOCK_BUSY dock=0 FREE dock=1 FREE
[HOUR 0094] [TRUCK-0] IDLE manifest_remaining=0 cargo=0
[HOUR 0094] [TRUCK-1] IDLE manifest_remaining=0 cargo=0
[HOUR 0094] [TRUCK-2] MOVING pos=(63.77,76.96) dest=(36.90,27.60) dist=56.20
[HOUR 0095] [WAREHOUSE-0] QUEUE length=0 trucks=[]
[HOUR 0095] [WAREHOUSE-0] DOCK_BUSY dock=0 FREE dock=1 FREE dock=2 FREE
[HOUR 0095] [WAREHOUSE-1] QUEUE length=0 trucks=[]
[HOUR 0095] [WAREHOUSE-1] DOCK_BUSY dock=0 FREE dock=1 FREE dock=2 FREE
[HOUR 0095] [WAREHOUSE-2] QUEUE length=0 trucks=[]
[HOUR 0095] [WAREHOUSE-2] DOCK_BUSY dock=0 FREE
[HOUR 0095] [WAREHOUSE-3] QUEUE length=0 trucks=[]
[HOUR 0095] [WAREHOUSE-3] DOCK_BUSY dock=0 FREE dock=1 FREE
[HOUR 0095] [WAREHOUSE-4] QUEUE length=0 trucks=[]
[HOUR 0095] [WAREHOUSE-4] DOCK_BUSY dock=0 FREE dock=1 FREE
[HOUR 0095] [TRUCK-0] IDLE manifest_remaining=0 cargo=0
[HOUR 0095] [TRUCK-1] IDLE manifest_remaining=0 cargo=0
[HOUR 0095] [TRUCK-2] MOVING pos=(62.81,75.21) dest=(36.90,27.60) dist=54.20
[HOUR 0096] [WAREHOUSE-0] QUEUE length=0 trucks=[]
[HOUR 0096] [WAREHOUSE-0] DOCK_BUSY dock=0 FREE dock=1 FREE dock=2 FREE
[HOUR 0096] [WAREHOUSE-1] QUEUE length=0 trucks=[]
[HOUR 0096] [WAREHOUSE-1] DOCK_BUSY dock=0 FREE dock=1 FREE dock=2 FREE
[HOUR 0096] [WAREHOUSE-2] QUEUE length=0 trucks=[]
[HOUR 0096] [WAREHOUSE-2] DOCK_BUSY dock=0 FREE
[HOUR 0096] [WAREHOUSE-3] QUEUE length=0 trucks=[]
[HOUR 0096] [WAREHOUSE-3] DOCK_BUSY dock=0 FREE dock=1 FREE
[HOUR 0096] [WAREHOUSE-4] QUEUE length=0 trucks=[]
[HOUR 0096] [WAREHOUSE-4] DOCK_BUSY dock=0 FREE dock=1 FREE
[HOUR 0096] [TRUCK-0] IDLE manifest_remaining=0 cargo=0
[HOUR 0096] [TRUCK-1] IDLE manifest_remaining=0 cargo=0
[HOUR 0096] [TRUCK-2] MOVING pos=(61.86,73.45) dest=(36.90,27.60) dist=52.20
[HOUR 0097] [WAREHOUSE-0] QUEUE length=0 trucks=[]
[HOUR 0097] [WAREHOUSE-0] DOCK_BUSY dock=0 FREE dock=1 FREE dock=2 FREE
[HOUR 0097] [WAREHOUSE-1] QUEUE length=0 trucks=[]
[HOUR 0097] [WAREHOUSE-1] DOCK_BUSY dock=0 FREE dock=1 FREE dock=2 FREE
[HOUR 0097] [WAREHOUSE-2] QUEUE length=0 trucks=[]
[HOUR 0097] [WAREHOUSE-2] DOCK_BUSY dock=0 FREE
[HOUR 0097] [WAREHOUSE-3] QUEUE length=0 trucks=[]
[HOUR 0097] [WAREHOUSE-3] DOCK_BUSY dock=0 FREE dock=1 FREE
[HOUR 0097] [WAREHOUSE-4] QUEUE length=0 trucks=[]
[HOUR 0097] [WAREHOUSE-4] DOCK_BUSY dock=0 FREE dock=1 FREE
[HOUR 0097] [TRUCK-0] IDLE manifest_remaining=0 cargo=0
[HOUR 0097] [TRUCK-1] IDLE manifest_remaining=0 cargo=0
[HOUR 0097] [TRUCK-2] MOVING pos=(60.90,71.69) dest=(36.90,27.60) dist=50.20
[HOUR 0098] [WAREHOUSE-0] QUEUE length=0 trucks=[]
[HOUR 0098] [WAREHOUSE-0] DOCK_BUSY dock=0 FREE dock=1 FREE dock=2 FREE
[HOUR 0098] [WAREHOUSE-1] QUEUE length=0 trucks=[]
[HOUR 0098] [WAREHOUSE-1] DOCK_BUSY dock=0 FREE dock=1 FREE dock=2 FREE
[HOUR 0098] [WAREHOUSE-2] QUEUE length=0 trucks=[]
[HOUR 0098] [WAREHOUSE-2] DOCK_BUSY dock=0 FREE
[HOUR 0098] [WAREHOUSE-3] QUEUE length=0 trucks=[]
[HOUR 0098] [WAREHOUSE-3] DOCK_BUSY dock=0 FREE dock=1 FREE
[HOUR 0098] [WAREHOUSE-4] QUEUE length=0 trucks=[]
[HOUR 0098] [WAREHOUSE-4] DOCK_BUSY dock=0 FREE dock=1 FREE
[HOUR 0098] [TRUCK-0] IDLE manifest_remaining=0 cargo=0
[HOUR 0098] [TRUCK-1] IDLE manifest_remaining=0 cargo=0
[HOUR 0098] [TRUCK-2] MOVING pos=(59.95,69.94) dest=(36.90,27.60) dist=48.20
[HOUR 0099] [WAREHOUSE-0] QUEUE length=0 trucks=[]
[HOUR 0099] [WAREHOUSE-0] DOCK_BUSY dock=0 FREE dock=1 FREE dock=2 FREE
[HOUR 0099] [WAREHOUSE-1] QUEUE length=0 trucks=[]
[HOUR 0099] [WAREHOUSE-1] DOCK_BUSY dock=0 FREE dock=1 FREE dock=2 FREE
[HOUR 0099] [WAREHOUSE-2] QUEUE length=0 trucks=[]
[HOUR 0099] [WAREHOUSE-2] DOCK_BUSY dock=0 FREE
[HOUR 0099] [WAREHOUSE-3] QUEUE length=0 trucks=[]
[HOUR 0099] [WAREHOUSE-3] DOCK_BUSY dock=0 FREE dock=1 FREE
[HOUR 0099] [WAREHOUSE-4] QUEUE length=0 trucks=[]
[HOUR 0099] [WAREHOUSE-4] DOCK_BUSY dock=0 FREE dock=1 FREE
[HOUR 0099] [TRUCK-0] IDLE manifest_remaining=0 cargo=0
[HOUR 0099] [TRUCK-1] IDLE manifest_remaining=0 cargo=0
[HOUR 0099] [TRUCK-2] MOVING pos=(58.99,68.18) dest=(36.90,27.60) dist=46.20
[HOUR 0100] [WAREHOUSE-0] QUEUE length=0 trucks=[]
[HOUR 0100] [WAREHOUSE-0] DOCK_BUSY dock=0 FREE dock=1 FREE dock=2 FREE
[HOUR 0100] [WAREHOUSE-1] QUEUE length=0 trucks=[]
[HOUR 0100] [WAREHOUSE-1] DOCK_BUSY dock=0 FREE dock=1 FREE dock=2 FREE
[HOUR 0100] [WAREHOUSE-2] QUEUE length=0 trucks=[]
[HOUR 0100] [WAREHOUSE-2] DOCK_BUSY dock=0 FREE
[HOUR 0100] [WAREHOUSE-3] QUEUE length=0 trucks=[]
[HOUR 0100] [WAREHOUSE-3] DOCK_BUSY dock=0 FREE dock=1 FREE
[HOUR 0100] [WAREHOUSE-4] QUEUE length=0 trucks=[]
[HOUR 0100] [WAREHOUSE-4] DOCK_BUSY dock=0 FREE dock=1 FREE
[HOUR 0100] [TRUCK-0] IDLE manifest_remaining=0 cargo=0
[HOUR 0100] [TRUCK-1] IDLE manifest_remaining=0 cargo=0
[HOUR 0100] [TRUCK-2] MOVING pos=(58.03,66.42) dest=(36.90,27.60) dist=44.20
[HOUR 0101] [WAREHOUSE-0] QUEUE length=0 trucks=[]
[HOUR 0101] [WAREHOUSE-0] DOCK_BUSY dock=0 FREE dock=1 FREE dock=2 FREE
[HOUR 0101] [WAREHOUSE-1] QUEUE length=0 trucks=[]
[HOUR 0101] [WAREHOUSE-1] DOCK_BUSY dock=0 FREE dock=1 FREE dock=2 FREE
[HOUR 0101] [WAREHOUSE-2] QUEUE length=0 trucks=[]
[HOUR 0101] [WAREHOUSE-2] DOCK_BUSY dock=0 FREE
[HOUR 0101] [WAREHOUSE-3] QUEUE length=0 trucks=[]
[HOUR 0101] [WAREHOUSE-3] DOCK_BUSY dock=0 FREE dock=1 FREE
[HOUR 0101] [WAREHOUSE-4] QUEUE length=0 trucks=[]
[HOUR 0101] [WAREHOUSE-4] DOCK_BUSY dock=0 FREE dock=1 FREE
[HOUR 0101] [TRUCK-0] IDLE manifest_remaining=0 cargo=0
[HOUR 0101] [TRUCK-1] IDLE manifest_remaining=0 cargo=0
[HOUR 0101] [TRUCK-2] MOVING pos=(57.08,64.67) dest=(36.90,27.60) dist=42.20
[HOUR 0102] [WAREHOUSE-0] QUEUE length=0 trucks=[]
[HOUR 0102] [WAREHOUSE-0] DOCK_BUSY dock=0 FREE dock=1 FREE dock=2 FREE
[HOUR 0102] [WAREHOUSE-1] QUEUE length=0 trucks=[]
[HOUR 0102] [WAREHOUSE-1] DOCK_BUSY dock=0 FREE dock=1 FREE dock=2 FREE
[HOUR 0102] [WAREHOUSE-2] QUEUE length=0 trucks=[]
[HOUR 0102] [WAREHOUSE-2] DOCK_BUSY dock=0 FREE
[HOUR 0102] [WAREHOUSE-3] QUEUE length=0 trucks=[]
[HOUR 0102] [WAREHOUSE-3] DOCK_BUSY dock=0 FREE dock=1 FREE
[HOUR 0102] [WAREHOUSE-4] QUEUE length=0 trucks=[]
[HOUR 0102] [WAREHOUSE-4] DOCK_BUSY dock=0 FREE dock=1 FREE
[HOUR 0102] [TRUCK-0] IDLE manifest_remaining=0 cargo=0
[HOUR 0102] [TRUCK-1] IDLE manifest_remaining=0 cargo=0
[HOUR 0102] [TRUCK-2] MOVING pos=(56.12,62.91) dest=(36.90,27.60) dist=40.20
[HOUR 0103] [WAREHOUSE-0] QUEUE length=0 trucks=[]
[HOUR 0103] [WAREHOUSE-0] DOCK_BUSY dock=0 FREE dock=1 FREE dock=2 FREE
[HOUR 0103] [WAREHOUSE-1] QUEUE length=0 trucks=[]
[HOUR 0103] [WAREHOUSE-1] DOCK_BUSY dock=0 FREE dock=1 FREE dock=2 FREE
[HOUR 0103] [WAREHOUSE-2] QUEUE length=0 trucks=[]
[HOUR 0103] [WAREHOUSE-2] DOCK_BUSY dock=0 FREE
[HOUR 0103] [WAREHOUSE-3] QUEUE length=0 trucks=[]
[HOUR 0103] [WAREHOUSE-3] DOCK_BUSY dock=0 FREE dock=1 FREE
[HOUR 0103] [WAREHOUSE-4] QUEUE length=0 trucks=[]
[HOUR 0103] [WAREHOUSE-4] DOCK_BUSY dock=0 FREE dock=1 FREE
[HOUR 0103] [TRUCK-0] IDLE manifest_remaining=0 cargo=0
[HOUR 0103] [TRUCK-1] IDLE manifest_remaining=0 cargo=0
[HOUR 0103] [TRUCK-2] MOVING pos=(55.16,61.15) dest=(36.90,27.60) dist=38.20
[HOUR 0104] [WAREHOUSE-0] QUEUE length=0 trucks=[]
[HOUR 0104] [WAREHOUSE-0] DOCK_BUSY dock=0 FREE dock=1 FREE dock=2 FREE
[HOUR 0104] [WAREHOUSE-1] QUEUE length=0 trucks=[]
[HOUR 0104] [WAREHOUSE-1] DOCK_BUSY dock=0 FREE dock=1 FREE dock=2 FREE
[HOUR 0104] [WAREHOUSE-2] QUEUE length=0 trucks=[]
[HOUR 0104] [WAREHOUSE-2] DOCK_BUSY dock=0 FREE
[HOUR 0104] [WAREHOUSE-3] QUEUE length=0 trucks=[]
[HOUR 0104] [WAREHOUSE-3] DOCK_BUSY dock=0 FREE dock=1 FREE
[HOUR 0104] [WAREHOUSE-4] QUEUE length=0 trucks=[]
[HOUR 0104] [WAREHOUSE-4] DOCK_BUSY dock=0 FREE dock=1 FREE
[HOUR 0104] [TRUCK-0] IDLE manifest_remaining=0 cargo=0
[HOUR 0104] [TRUCK-1] IDLE manifest_remaining=0 cargo=0
[HOUR 0104] [TRUCK-2] MOVING pos=(54.21,59.40) dest=(36.90,27.60) dist=36.20
[HOUR 0105] [WAREHOUSE-0] QUEUE length=0 trucks=[]
[HOUR 0105] [WAREHOUSE-0] DOCK_BUSY dock=0 FREE dock=1 FREE dock=2 FREE
[HOUR 0105] [WAREHOUSE-1] QUEUE length=0 trucks=[]
[HOUR 0105] [WAREHOUSE-1] DOCK_BUSY dock=0 FREE dock=1 FREE dock=2 FREE
[HOUR 0105] [WAREHOUSE-2] QUEUE length=0 trucks=[]
[HOUR 0105] [WAREHOUSE-2] DOCK_BUSY dock=0 FREE
[HOUR 0105] [WAREHOUSE-3] QUEUE length=0 trucks=[]
[HOUR 0105] [WAREHOUSE-3] DOCK_BUSY dock=0 FREE dock=1 FREE
[HOUR 0105] [WAREHOUSE-4] QUEUE length=0 trucks=[]
[HOUR 0105] [WAREHOUSE-4] DOCK_BUSY dock=0 FREE dock=1 FREE
[HOUR 0105] [TRUCK-0] IDLE manifest_remaining=0 cargo=0
[HOUR 0105] [TRUCK-1] IDLE manifest_remaining=0 cargo=0
[HOUR 0105] [TRUCK-2] MOVING pos=(53.25,57.64) dest=(36.90,27.60) dist=34.20
[HOUR 0106] [WAREHOUSE-0] QUEUE length=0 trucks=[]
[HOUR 0106] [WAREHOUSE-0] DOCK_BUSY dock=0 FREE dock=1 FREE dock=2 FREE
[HOUR 0106] [WAREHOUSE-1] QUEUE length=0 trucks=[]
[HOUR 0106] [WAREHOUSE-1] DOCK_BUSY dock=0 FREE dock=1 FREE dock=2 FREE
[HOUR 0106] [WAREHOUSE-2] QUEUE length=0 trucks=[]
[HOUR 0106] [WAREHOUSE-2] DOCK_BUSY dock=0 FREE
[HOUR 0106] [WAREHOUSE-3] QUEUE length=0 trucks=[]
[HOUR 0106] [WAREHOUSE-3] DOCK_BUSY dock=0 FREE dock=1 FREE
[HOUR 0106] [WAREHOUSE-4] QUEUE length=0 trucks=[]
[HOUR 0106] [WAREHOUSE-4] DOCK_BUSY dock=0 FREE dock=1 FREE
[HOUR 0106] [TRUCK-0] IDLE manifest_remaining=0 cargo=0
[HOUR 0106] [TRUCK-1] IDLE manifest_remaining=0 cargo=0
[HOUR 0106] [TRUCK-2] MOVING pos=(52.30,55.88) dest=(36.90,27.60) dist=32.20
[HOUR 0107] [WAREHOUSE-0] QUEUE length=0 trucks=[]
[HOUR 0107] [WAREHOUSE-0] DOCK_BUSY dock=0 FREE dock=1 FREE dock=2 FREE
[HOUR 0107] [WAREHOUSE-1] QUEUE length=0 trucks=[]
[HOUR 0107] [WAREHOUSE-1] DOCK_BUSY dock=0 FREE dock=1 FREE dock=2 FREE
[HOUR 0107] [WAREHOUSE-2] QUEUE length=0 trucks=[]
[HOUR 0107] [WAREHOUSE-2] DOCK_BUSY dock=0 FREE
[HOUR 0107] [WAREHOUSE-3] QUEUE length=0 trucks=[]
[HOUR 0107] [WAREHOUSE-3] DOCK_BUSY dock=0 FREE dock=1 FREE
[HOUR 0107] [WAREHOUSE-4] QUEUE length=0 trucks=[]
[HOUR 0107] [WAREHOUSE-4] DOCK_BUSY dock=0 FREE dock=1 FREE
[HOUR 0107] [TRUCK-0] IDLE manifest_remaining=0 cargo=0
[HOUR 0107] [TRUCK-1] IDLE manifest_remaining=0 cargo=0
[HOUR 0107] [TRUCK-2] MOVING pos=(51.34,54.13) dest=(36.90,27.60) dist=30.20
[HOUR 0108] [WAREHOUSE-0] QUEUE length=0 trucks=[]
[HOUR 0108] [WAREHOUSE-0] DOCK_BUSY dock=0 FREE dock=1 FREE dock=2 FREE
[HOUR 0108] [WAREHOUSE-1] QUEUE length=0 trucks=[]
[HOUR 0108] [WAREHOUSE-1] DOCK_BUSY dock=0 FREE dock=1 FREE dock=2 FREE
[HOUR 0108] [WAREHOUSE-2] QUEUE length=0 trucks=[]
[HOUR 0108] [WAREHOUSE-2] DOCK_BUSY dock=0 FREE
[HOUR 0108] [WAREHOUSE-3] QUEUE length=0 trucks=[]
[HOUR 0108] [WAREHOUSE-3] DOCK_BUSY dock=0 FREE dock=1 FREE
[HOUR 0108] [WAREHOUSE-4] QUEUE length=0 trucks=[]
[HOUR 0108] [WAREHOUSE-4] DOCK_BUSY dock=0 FREE dock=1 FREE
[HOUR 0108] [TRUCK-0] IDLE manifest_remaining=0 cargo=0
[HOUR 0108] [TRUCK-1] IDLE manifest_remaining=0 cargo=0
[HOUR 0108] [TRUCK-2] MOVING pos=(50.38,52.37) dest=(36.90,27.60) dist=28.20
[HOUR 0109] [WAREHOUSE-0] QUEUE length=0 trucks=[]
[HOUR 0109] [WAREHOUSE-0] DOCK_BUSY dock=0 FREE dock=1 FREE dock=2 FREE
[HOUR 0109] [WAREHOUSE-1] QUEUE length=0 trucks=[]
[HOUR 0109] [WAREHOUSE-1] DOCK_BUSY dock=0 FREE dock=1 FREE dock=2 FREE
[HOUR 0109] [WAREHOUSE-2] QUEUE length=0 trucks=[]
[HOUR 0109] [WAREHOUSE-2] DOCK_BUSY dock=0 FREE
[HOUR 0109] [WAREHOUSE-3] QUEUE length=0 trucks=[]
[HOUR 0109] [WAREHOUSE-3] DOCK_BUSY dock=0 FREE dock=1 FREE
[HOUR 0109] [WAREHOUSE-4] QUEUE length=0 trucks=[]
[HOUR 0109] [WAREHOUSE-4] DOCK_BUSY dock=0 FREE dock=1 FREE
[HOUR 0109] [TRUCK-0] IDLE manifest_remaining=0 cargo=0
[HOUR 0109] [TRUCK-1] IDLE manifest_remaining=0 cargo=0
[HOUR 0109] [TRUCK-2] MOVING pos=(49.43,50.61) dest=(36.90,27.60) dist=26.20
[HOUR 0110] [WAREHOUSE-0] QUEUE length=0 trucks=[]
[HOUR 0110] [WAREHOUSE-0] DOCK_BUSY dock=0 FREE dock=1 FREE dock=2 FREE
[HOUR 0110] [WAREHOUSE-1] QUEUE length=0 trucks=[]
[HOUR 0110] [WAREHOUSE-1] DOCK_BUSY dock=0 FREE dock=1 FREE dock=2 FREE
[HOUR 0110] [WAREHOUSE-2] QUEUE length=0 trucks=[]
[HOUR 0110] [WAREHOUSE-2] DOCK_BUSY dock=0 FREE
[HOUR 0110] [WAREHOUSE-3] QUEUE length=0 trucks=[]
[HOUR 0110] [WAREHOUSE-3] DOCK_BUSY dock=0 FREE dock=1 FREE
[HOUR 0110] [WAREHOUSE-4] QUEUE length=0 trucks=[]
[HOUR 0110] [WAREHOUSE-4] DOCK_BUSY dock=0 FREE dock=1 FREE
[HOUR 0110] [TRUCK-0] IDLE manifest_remaining=0 cargo=0
[HOUR 0110] [TRUCK-1] IDLE manifest_remaining=0 cargo=0
[HOUR 0110] [TRUCK-2] MOVING pos=(48.47,48.86) dest=(36.90,27.60) dist=24.20
[HOUR 0111] [WAREHOUSE-0] QUEUE length=0 trucks=[]
[HOUR 0111] [WAREHOUSE-0] DOCK_BUSY dock=0 FREE dock=1 FREE dock=2 FREE
[HOUR 0111] [WAREHOUSE-1] QUEUE length=0 trucks=[]
[HOUR 0111] [WAREHOUSE-1] DOCK_BUSY dock=0 FREE dock=1 FREE dock=2 FREE
[HOUR 0111] [WAREHOUSE-2] QUEUE length=0 trucks=[]
[HOUR 0111] [WAREHOUSE-2] DOCK_BUSY dock=0 FREE
[HOUR 0111] [WAREHOUSE-3] QUEUE length=0 trucks=[]
[HOUR 0111] [WAREHOUSE-3] DOCK_BUSY dock=0 FREE dock=1 FREE
[HOUR 0111] [WAREHOUSE-4] QUEUE length=0 trucks=[]
[HOUR 0111] [WAREHOUSE-4] DOCK_BUSY dock=0 FREE dock=1 FREE
[HOUR 0111] [TRUCK-0] IDLE manifest_remaining=0 cargo=0
[HOUR 0111] [TRUCK-1] IDLE manifest_remaining=0 cargo=0
[HOUR 0111] [TRUCK-2] MOVING pos=(47.51,47.10) dest=(36.90,27.60) dist=22.20
[HOUR 0112] [WAREHOUSE-0] QUEUE length=0 trucks=[]
[HOUR 0112] [WAREHOUSE-0] DOCK_BUSY dock=0 FREE dock=1 FREE dock=2 FREE
[HOUR 0112] [WAREHOUSE-1] QUEUE length=0 trucks=[]
[HOUR 0112] [WAREHOUSE-1] DOCK_BUSY dock=0 FREE dock=1 FREE dock=2 FREE
[HOUR 0112] [WAREHOUSE-2] QUEUE length=0 trucks=[]
[HOUR 0112] [WAREHOUSE-2] DOCK_BUSY dock=0 FREE
[HOUR 0112] [WAREHOUSE-3] QUEUE length=0 trucks=[]
[HOUR 0112] [WAREHOUSE-3] DOCK_BUSY dock=0 FREE dock=1 FREE
[HOUR 0112] [WAREHOUSE-4] QUEUE length=0 trucks=[]
[HOUR 0112] [WAREHOUSE-4] DOCK_BUSY dock=0 FREE dock=1 FREE
[HOUR 0112] [TRUCK-0] IDLE manifest_remaining=0 cargo=0
[HOUR 0112] [TRUCK-1] IDLE manifest_remaining=0 cargo=0
[HOUR 0112] [TRUCK-2] MOVING pos=(46.56,45.34) dest=(36.90,27.60) dist=20.20
[HOUR 0113] [WAREHOUSE-0] QUEUE length=0 trucks=[]
[HOUR 0113] [WAREHOUSE-0] DOCK_BUSY dock=0 FREE dock=1 FREE dock=2 FREE
[HOUR 0113] [WAREHOUSE-1] QUEUE length=0 trucks=[]
[HOUR 0113] [WAREHOUSE-1] DOCK_BUSY dock=0 FREE dock=1 FREE dock=2 FREE
[HOUR 0113] [WAREHOUSE-2] QUEUE length=0 trucks=[]
[HOUR 0113] [WAREHOUSE-2] DOCK_BUSY dock=0 FREE
[HOUR 0113] [WAREHOUSE-3] QUEUE length=0 trucks=[]
[HOUR 0113] [WAREHOUSE-3] DOCK_BUSY dock=0 FREE dock=1 FREE
[HOUR 0113] [WAREHOUSE-4] QUEUE length=0 trucks=[]
[HOUR 0113] [WAREHOUSE-4] DOCK_BUSY dock=0 FREE dock=1 FREE
[HOUR 0113] [TRUCK-0] IDLE manifest_remaining=0 cargo=0
[HOUR 0113] [TRUCK-1] IDLE manifest_remaining=0 cargo=0
[HOUR 0113] [TRUCK-2] MOVING pos=(45.60,43.59) dest=(36.90,27.60) dist=18.20
[HOUR 0114] [WAREHOUSE-0] QUEUE length=0 trucks=[]
[HOUR 0114] [WAREHOUSE-0] DOCK_BUSY dock=0 FREE dock=1 FREE dock=2 FREE
[HOUR 0114] [WAREHOUSE-1] QUEUE length=0 trucks=[]
[HOUR 0114] [WAREHOUSE-1] DOCK_BUSY dock=0 FREE dock=1 FREE dock=2 FREE
[HOUR 0114] [WAREHOUSE-2] QUEUE length=0 trucks=[]
[HOUR 0114] [WAREHOUSE-2] DOCK_BUSY dock=0 FREE
[HOUR 0114] [WAREHOUSE-3] QUEUE length=0 trucks=[]
[HOUR 0114] [WAREHOUSE-3] DOCK_BUSY dock=0 FREE dock=1 FREE
[HOUR 0114] [WAREHOUSE-4] QUEUE length=0 trucks=[]
[HOUR 0114] [WAREHOUSE-4] DOCK_BUSY dock=0 FREE dock=1 FREE
[HOUR 0114] [TRUCK-0] IDLE manifest_remaining=0 cargo=0
[HOUR 0114] [TRUCK-1] IDLE manifest_remaining=0 cargo=0
[HOUR 0114] [TRUCK-2] MOVING pos=(44.65,41.83) dest=(36.90,27.60) dist=16.20
[HOUR 0115] [WAREHOUSE-0] QUEUE length=0 trucks=[]
[HOUR 0115] [WAREHOUSE-0] DOCK_BUSY dock=0 FREE dock=1 FREE dock=2 FREE
[HOUR 0115] [WAREHOUSE-1] QUEUE length=0 trucks=[]
[HOUR 0115] [WAREHOUSE-1] DOCK_BUSY dock=0 FREE dock=1 FREE dock=2 FREE
[HOUR 0115] [WAREHOUSE-2] QUEUE length=0 trucks=[]
[HOUR 0115] [WAREHOUSE-2] DOCK_BUSY dock=0 FREE
[HOUR 0115] [WAREHOUSE-3] QUEUE length=0 trucks=[]
[HOUR 0115] [WAREHOUSE-3] DOCK_BUSY dock=0 FREE dock=1 FREE
[HOUR 0115] [WAREHOUSE-4] QUEUE length=0 trucks=[]
[HOUR 0115] [WAREHOUSE-4] DOCK_BUSY dock=0 FREE dock=1 FREE
[HOUR 0115] [TRUCK-0] IDLE manifest_remaining=0 cargo=0
[HOUR 0115] [TRUCK-1] IDLE manifest_remaining=0 cargo=0
[HOUR 0115] [TRUCK-2] MOVING pos=(43.69,40.07) dest=(36.90,27.60) dist=14.20
[HOUR 0116] [WAREHOUSE-0] QUEUE length=0 trucks=[]
[HOUR 0116] [WAREHOUSE-0] DOCK_BUSY dock=0 FREE dock=1 FREE dock=2 FREE
[HOUR 0116] [WAREHOUSE-1] QUEUE length=0 trucks=[]
[HOUR 0116] [WAREHOUSE-1] DOCK_BUSY dock=0 FREE dock=1 FREE dock=2 FREE
[HOUR 0116] [WAREHOUSE-2] QUEUE length=0 trucks=[]
[HOUR 0116] [WAREHOUSE-2] DOCK_BUSY dock=0 FREE
[HOUR 0116] [WAREHOUSE-3] QUEUE length=0 trucks=[]
[HOUR 0116] [WAREHOUSE-3] DOCK_BUSY dock=0 FREE dock=1 FREE
[HOUR 0116] [WAREHOUSE-4] QUEUE length=0 trucks=[]
[HOUR 0116] [WAREHOUSE-4] DOCK_BUSY dock=0 FREE dock=1 FREE
[HOUR 0116] [TRUCK-0] IDLE manifest_remaining=0 cargo=0
[HOUR 0116] [TRUCK-1] IDLE manifest_remaining=0 cargo=0
[HOUR 0116] [TRUCK-2] MOVING pos=(42.73,38.32) dest=(36.90,27.60) dist=12.20
[HOUR 0117] [WAREHOUSE-0] QUEUE length=0 trucks=[]
[HOUR 0117] [WAREHOUSE-0] DOCK_BUSY dock=0 FREE dock=1 FREE dock=2 FREE
[HOUR 0117] [WAREHOUSE-1] QUEUE length=0 trucks=[]
[HOUR 0117] [WAREHOUSE-1] DOCK_BUSY dock=0 FREE dock=1 FREE dock=2 FREE
[HOUR 0117] [WAREHOUSE-2] QUEUE length=0 trucks=[]
[HOUR 0117] [WAREHOUSE-2] DOCK_BUSY dock=0 FREE
[HOUR 0117] [WAREHOUSE-3] QUEUE length=0 trucks=[]
[HOUR 0117] [WAREHOUSE-3] DOCK_BUSY dock=0 FREE dock=1 FREE
[HOUR 0117] [WAREHOUSE-4] QUEUE length=0 trucks=[]
[HOUR 0117] [WAREHOUSE-4] DOCK_BUSY dock=0 FREE dock=1 FREE
[HOUR 0117] [TRUCK-0] IDLE manifest_remaining=0 cargo=0
[HOUR 0117] [TRUCK-1] IDLE manifest_remaining=0 cargo=0
[HOUR 0117] [TRUCK-2] MOVING pos=(41.78,36.56) dest=(36.90,27.60) dist=10.20
[HOUR 0118] [WAREHOUSE-0] QUEUE length=0 trucks=[]
[HOUR 0118] [WAREHOUSE-0] DOCK_BUSY dock=0 FREE dock=1 FREE dock=2 FREE
[HOUR 0118] [WAREHOUSE-1] QUEUE length=0 trucks=[]
[HOUR 0118] [WAREHOUSE-1] DOCK_BUSY dock=0 FREE dock=1 FREE dock=2 FREE
[HOUR 0118] [WAREHOUSE-2] QUEUE length=0 trucks=[]
[HOUR 0118] [WAREHOUSE-2] DOCK_BUSY dock=0 FREE
[HOUR 0118] [WAREHOUSE-3] QUEUE length=0 trucks=[]
[HOUR 0118] [WAREHOUSE-3] DOCK_BUSY dock=0 FREE dock=1 FREE
[HOUR 0118] [WAREHOUSE-4] QUEUE length=0 trucks=[]
[HOUR 0118] [WAREHOUSE-4] DOCK_BUSY dock=0 FREE dock=1 FREE
[HOUR 0118] [TRUCK-0] IDLE manifest_remaining=0 cargo=0
[HOUR 0118] [TRUCK-1] IDLE manifest_remaining=0 cargo=0
[HOUR 0118] [TRUCK-2] MOVING pos=(40.82,34.80) dest=(36.90,27.60) dist=8.20
[HOUR 0119] [WAREHOUSE-0] QUEUE length=0 trucks=[]
[HOUR 0119] [WAREHOUSE-0] DOCK_BUSY dock=0 FREE dock=1 FREE dock=2 FREE
[HOUR 0119] [WAREHOUSE-1] QUEUE length=0 trucks=[]
[HOUR 0119] [WAREHOUSE-1] DOCK_BUSY dock=0 FREE dock=1 FREE dock=2 FREE
[HOUR 0119] [WAREHOUSE-2] QUEUE length=0 trucks=[]
[HOUR 0119] [WAREHOUSE-2] DOCK_BUSY dock=0 FREE
[HOUR 0119] [WAREHOUSE-3] QUEUE length=0 trucks=[]
[HOUR 0119] [WAREHOUSE-3] DOCK_BUSY dock=0 FREE dock=1 FREE
[HOUR 0119] [WAREHOUSE-4] QUEUE length=0 trucks=[]
[HOUR 0119] [WAREHOUSE-4] DOCK_BUSY dock=0 FREE dock=1 FREE
[HOUR 0119] [TRUCK-0] IDLE manifest_remaining=0 cargo=0
[HOUR 0119] [TRUCK-1] IDLE manifest_remaining=0 cargo=0
[HOUR 0119] [TRUCK-2] MOVING pos=(39.87,33.05) dest=(36.90,27.60) dist=6.20
[HOUR 0120] [WAREHOUSE-0] QUEUE length=0 trucks=[]
[HOUR 0120] [WAREHOUSE-0] DOCK_BUSY dock=0 FREE dock=1 FREE dock=2 FREE
[HOUR 0120] [WAREHOUSE-1] QUEUE length=0 trucks=[]
[HOUR 0120] [WAREHOUSE-1] DOCK_BUSY dock=0 FREE dock=1 FREE dock=2 FREE
[HOUR 0120] [WAREHOUSE-2] QUEUE length=0 trucks=[]
[HOUR 0120] [WAREHOUSE-2] DOCK_BUSY dock=0 FREE
[HOUR 0120] [WAREHOUSE-3] QUEUE length=0 trucks=[]
[HOUR 0120] [WAREHOUSE-3] DOCK_BUSY dock=0 FREE dock=1 FREE
[HOUR 0120] [WAREHOUSE-4] QUEUE length=0 trucks=[]
[HOUR 0120] [WAREHOUSE-4] DOCK_BUSY dock=0 FREE dock=1 FREE
[HOUR 0120] [TRUCK-0] IDLE manifest_remaining=0 cargo=0
[HOUR 0120] [TRUCK-1] IDLE manifest_remaining=0 cargo=0
[HOUR 0120] [TRUCK-2] MOVING pos=(38.91,31.29) dest=(36.90,27.60) dist=4.20
[HOUR 0121] [WAREHOUSE-0] QUEUE length=0 trucks=[]
[HOUR 0121] [WAREHOUSE-0] DOCK_BUSY dock=0 FREE dock=1 FREE dock=2 FREE
[HOUR 0121] [WAREHOUSE-1] QUEUE length=0 trucks=[]
[HOUR 0121] [WAREHOUSE-1] DOCK_BUSY dock=0 FREE dock=1 FREE dock=2 FREE
[HOUR 0121] [WAREHOUSE-2] QUEUE length=0 trucks=[]
[HOUR 0121] [WAREHOUSE-2] DOCK_BUSY dock=0 FREE
[HOUR 0121] [WAREHOUSE-3] QUEUE length=0 trucks=[]
[HOUR 0121] [WAREHOUSE-3] DOCK_BUSY dock=0 FREE dock=1 FREE
[HOUR 0121] [WAREHOUSE-4] QUEUE length=0 trucks=[]
[HOUR 0121] [WAREHOUSE-4] DOCK_BUSY dock=0 FREE dock=1 FREE
[HOUR 0121] [TRUCK-0] IDLE manifest_remaining=0 cargo=0
[HOUR 0121] [TRUCK-1] IDLE manifest_remaining=0 cargo=0
[HOUR 0121] [TRUCK-2] MOVING pos=(37.95,29.53) dest=(36.90,27.60) dist=2.20
[HOUR 0122] [WAREHOUSE-0] QUEUE length=0 trucks=[]
[HOUR 0122] [WAREHOUSE-0] DOCK_BUSY dock=0 FREE dock=1 FREE dock=2 FREE
[HOUR 0122] [WAREHOUSE-1] QUEUE length=0 trucks=[]
[HOUR 0122] [WAREHOUSE-1] DOCK_BUSY dock=0 FREE dock=1 FREE dock=2 FREE
[HOUR 0122] [WAREHOUSE-2] QUEUE length=0 trucks=[]
[HOUR 0122] [WAREHOUSE-2] DOCK_BUSY dock=0 FREE
[HOUR 0122] [WAREHOUSE-3] QUEUE length=0 trucks=[]
[HOUR 0122] [WAREHOUSE-3] DOCK_BUSY dock=0 FREE dock=1 FREE
[HOUR 0122] [WAREHOUSE-4] QUEUE length=0 trucks=[]
[HOUR 0122] [WAREHOUSE-4] DOCK_BUSY dock=0 FREE dock=1 FREE
[HOUR 0122] [TRUCK-0] IDLE manifest_remaining=0 cargo=0
[HOUR 0122] [TRUCK-1] IDLE manifest_remaining=0 cargo=0
[HOUR 0122] [TRUCK-2] MOVING pos=(37.00,27.78) dest=(36.90,27.60) dist=0.20
[HOUR 0123] [WAREHOUSE-0] QUEUE length=0 trucks=[]
[HOUR 0123] [WAREHOUSE-0] DOCK_BUSY dock=0 FREE dock=1 FREE dock=2 FREE
[HOUR 0123] [WAREHOUSE-1] QUEUE length=0 trucks=[]
[HOUR 0123] [WAREHOUSE-1] DOCK_BUSY dock=0 FREE dock=1 FREE dock=2 FREE
[HOUR 0123] [WAREHOUSE-2] QUEUE length=0 trucks=[]
[HOUR 0123] [WAREHOUSE-2] DOCK_BUSY dock=0 FREE
[HOUR 0123] [WAREHOUSE-3] QUEUE length=0 trucks=[]
[HOUR 0123] [WAREHOUSE-3] DOCK_BUSY dock=0 FREE dock=1 FREE
[HOUR 0123] [WAREHOUSE-4] QUEUE length=0 trucks=[]
[HOUR 0123] [WAREHOUSE-4] DOCK_BUSY dock=0 FREE dock=1 FREE
[HOUR 0123] [TRUCK-0] IDLE manifest_remaining=0 cargo=0
[HOUR 0123] [TRUCK-1] IDLE manifest_remaining=0 cargo=0
[HOUR 0123] [TRUCK-2] WAITING pos=(36.90,27.60)
[HOUR 0124] [WAREHOUSE-0] QUEUE length=0 trucks=[]
[HOUR 0124] [WAREHOUSE-0] DOCK_BUSY dock=0 FREE dock=1 FREE dock=2 FREE
[HOUR 0124] [WAREHOUSE-1] QUEUE length=0 trucks=[]
[HOUR 0124] [WAREHOUSE-1] DOCK_BUSY dock=0 FREE dock=1 FREE dock=2 FREE
[HOUR 0124] [WAREHOUSE-2] QUEUE length=0 trucks=[]
[HOUR 0124] [WAREHOUSE-2] DOCK_BUSY dock=0 truck=2
[HOUR 0124] [WAREHOUSE-3] QUEUE length=0 trucks=[]
[HOUR 0124] [WAREHOUSE-3] DOCK_BUSY dock=0 FREE dock=1 FREE
[HOUR 0124] [WAREHOUSE-4] QUEUE length=0 trucks=[]
[HOUR 0124] [WAREHOUSE-4] DOCK_BUSY dock=0 FREE dock=1 FREE
[HOUR 0124] [TRUCK-0] IDLE manifest_remaining=0 cargo=0
[HOUR 0124] [TRUCK-1] IDLE manifest_remaining=0 cargo=0
[HOUR 0124] [TRUCK-2] UNLOADING dock=0 shipment=4 dest=WH-2 delivered_hr=124
[HOUR 0124] [SHIPMENT-4] DELIVERED truck=2 pickup_hr=81 delivery_hr=124 transit=43h
[HOUR 0124] [TRUCK-2] IDLE manifest_remaining=0 cargo=0
